Archive member included because of file (symbol)

/opt/PetaLinux/petalinux-v2014.2-final/tools/linux-i386/arm-xilinx-linux-gnueabi/bin/../lib/gcc/arm-xilinx-linux-gnueabi/4.8.1/libgcc.a(_udivsi3.o)
                              arch/arm/cpu/armv7/zynq/built-in.o (__aeabi_uidiv)
/opt/PetaLinux/petalinux-v2014.2-final/tools/linux-i386/arm-xilinx-linux-gnueabi/bin/../lib/gcc/arm-xilinx-linux-gnueabi/4.8.1/libgcc.a(_divsi3.o)
                              common/built-in.o (__aeabi_idiv)
/opt/PetaLinux/petalinux-v2014.2-final/tools/linux-i386/arm-xilinx-linux-gnueabi/bin/../lib/gcc/arm-xilinx-linux-gnueabi/4.8.1/libgcc.a(_lshrdi3.o)
                              common/built-in.o (__aeabi_llsr)
/opt/PetaLinux/petalinux-v2014.2-final/tools/linux-i386/arm-xilinx-linux-gnueabi/bin/../lib/gcc/arm-xilinx-linux-gnueabi/4.8.1/libgcc.a(_ashldi3.o)
                              drivers/mmc/built-in.o (__aeabi_llsl)
/opt/PetaLinux/petalinux-v2014.2-final/tools/linux-i386/arm-xilinx-linux-gnueabi/bin/../lib/gcc/arm-xilinx-linux-gnueabi/4.8.1/libgcc.a(_dvmd_lnx.o)
                              /opt/PetaLinux/petalinux-v2014.2-final/tools/linux-i386/arm-xilinx-linux-gnueabi/bin/../lib/gcc/arm-xilinx-linux-gnueabi/4.8.1/libgcc.a(_udivsi3.o) (__aeabi_idiv0)

Discarded input sections

 .data          0x00000000        0x0 arch/arm/cpu/armv7/start.o
 .bss           0x00000000        0x0 arch/arm/cpu/armv7/start.o
 .text          0x00000000        0x0 arch/arm/cpu/armv7/built-in.o
 .text.sdelay   0x00000000        0xc arch/arm/cpu/armv7/built-in.o
 .text.sr32     0x00000000       0x24 arch/arm/cpu/armv7/built-in.o
 .text.wait_on_value
                0x00000000       0x34 arch/arm/cpu/armv7/built-in.o
 .data          0x00000000        0x0 arch/arm/cpu/armv7/built-in.o
 .bss           0x00000000        0x0 arch/arm/cpu/armv7/built-in.o
 .text.zynq_clk_get_name
                0x00000000       0x18 arch/arm/cpu/armv7/zynq/built-in.o
 .text.zynq_get_silicon_version
                0x00000000       0x14 arch/arm/cpu/armv7/zynq/built-in.o
 .text.zynq_slcr_devcfg_disable
                0x00000000       0x24 arch/arm/cpu/armv7/zynq/built-in.o
 .text.zynq_slcr_devcfg_enable
                0x00000000       0x24 arch/arm/cpu/armv7/zynq/built-in.o
 .text.zynq_slcr_get_boot_mode
                0x00000000        0xc arch/arm/cpu/armv7/zynq/built-in.o
 .data          0x00000000        0x0 arch/arm/cpu/armv7/zynq/built-in.o
 .bss           0x00000000        0x0 arch/arm/cpu/armv7/zynq/built-in.o
 .text.__arch_cpu_init
                0x00000000        0x8 arch/arm/lib/built-in.o
 .text.__red_led_off
                0x00000000        0x4 arch/arm/lib/built-in.o
 .text.__green_led_on
                0x00000000        0x4 arch/arm/lib/built-in.o
 .text.__green_led_off
                0x00000000        0x4 arch/arm/lib/built-in.o
 .text.__yellow_led_on
                0x00000000        0x4 arch/arm/lib/built-in.o
 .text.__yellow_led_off
                0x00000000        0x4 arch/arm/lib/built-in.o
 .text.__blue_led_on
                0x00000000        0x4 arch/arm/lib/built-in.o
 .text.__blue_led_off
                0x00000000        0x4 arch/arm/lib/built-in.o
 .text.setup_board_tags
                0x00000000        0x4 arch/arm/lib/built-in.o
 .text.__arm_init_before_mmu
                0x00000000        0x4 arch/arm/lib/built-in.o
 .text.__mmu_page_table_flush
                0x00000000        0x4 arch/arm/lib/built-in.o
 .text.__flush_cache
                0x00000000        0x4 arch/arm/lib/built-in.o
 .text.__flush_dcache_all
                0x00000000        0xc arch/arm/lib/built-in.o
 .text.__enable_caches
                0x00000000        0xc arch/arm/lib/built-in.o
 .data          0x00000000        0x0 arch/arm/lib/built-in.o
 .bss           0x00000000        0x0 arch/arm/lib/built-in.o
 .text          0x00000000        0x0 board/xilinx/zynq/built-in.o
 .text.board_late_init
                0x00000000       0x9c board/xilinx/zynq/built-in.o
 .data          0x00000000        0x0 board/xilinx/zynq/built-in.o
 .bss           0x00000000        0x0 board/xilinx/zynq/built-in.o
 .text          0x00000000        0x0 common/built-in.o
 .text.invalidate_icache_all
                0x00000000        0xc common/built-in.o
 .text.flush_dcache_all
                0x00000000        0xc common/built-in.o
 .text.soc_clk_dump
                0x00000000       0x18 common/built-in.o
 .text.fputs    0x00000000       0x28 common/built-in.o
 .text.fprintf  0x00000000       0x54 common/built-in.o
 .text.disable_ctrlc
                0x00000000       0x18 common/built-in.o
 .text.dbg      0x00000000        0xc common/built-in.o
 .text.valloc   0x00000000        0xc common/built-in.o
 .text.pvalloc  0x00000000       0x18 common/built-in.o
 .text.cfree    0x00000000        0x4 common/built-in.o
 .text.malloc_usable_size
                0x00000000       0x3c common/built-in.o
 .text.mallopt  0x00000000       0x68 common/built-in.o
[...]
Memory Configuration

Name             Origin             Length             Attributes
*default*        0x00000000         0xffffffff

Linker script and memory map

                0x00000000                . = 0x0
                0x00000000                . = ALIGN (0x4)

.text           0x1ff00000    0x2b130
 *(.__image_copy_start)
 .__image_copy_start
                0x1ff00000        0x0 arch/arm/lib/built-in.o
                0x1ff00000                __image_copy_start
 arch/arm/cpu/armv7/start.o(.text*)
 .text          0x1ff00000      0x3a0 arch/arm/cpu/armv7/start.o
                0x1ff00000                _start
                0x1ff00040                _end_vect
                0x1ff00040                _TEXT_BASE
                0x1ff00044                _bss_start_ofs
                0x1ff00048                _bss_end_ofs
                0x1ff0004c                _end_ofs
                0x1ff00050                IRQ_STACK_START_IN
                0x1ff00094                c_runtime_cpu_setup
                0x1ff000ac                save_boot_params
                0x1ff000b0                cpu_init_cp15
                0x1ff000e8                cpu_init_crit
 *(.text*)
 .text.v7_maint_dcache_all
                0x1ff003a0       0xd4 arch/arm/cpu/armv7/built-in.o
 .text.v7_dcache_inval_range
                0x1ff00474       0x80 arch/arm/cpu/armv7/built-in.o
 .text.invalidate_icache_all
                0x1ff004f4       0x18 arch/arm/cpu/armv7/built-in.o
                0x1ff004f4                invalidate_icache_all
 .text.__v7_outer_cache_enable
                0x1ff0050c        0x4 arch/arm/cpu/armv7/built-in.o
                0x1ff0050c                __v7_outer_cache_enable
                0x1ff0050c                v7_outer_cache_enable
 .text.__v7_outer_cache_disable
                0x1ff00510        0x4 arch/arm/cpu/armv7/built-in.o
                0x1ff00510                v7_outer_cache_disable
                0x1ff00510                __v7_outer_cache_disable
 .text.__v7_outer_cache_flush_all
                0x1ff00514        0x4 arch/arm/cpu/armv7/built-in.o
                0x1ff00514                __v7_outer_cache_flush_all
                0x1ff00514                v7_outer_cache_flush_all
 .text.flush_dcache_all
                0x1ff00518       0x14 arch/arm/cpu/armv7/built-in.o
                0x1ff00518                flush_dcache_all
 .text.__v7_outer_cache_inval_all
                0x1ff0052c        0x4 arch/arm/cpu/armv7/built-in.o
                0x1ff0052c                v7_outer_cache_inval_all
                0x1ff0052c                __v7_outer_cache_inval_all
 .text.invalidate_dcache_all
                0x1ff00530       0x14 arch/arm/cpu/armv7/built-in.o
                0x1ff00530                invalidate_dcache_all
 .text.arm_init_before_mmu
                0x1ff00544       0x28 arch/arm/cpu/armv7/built-in.o
                0x1ff00544                arm_init_before_mmu
 .text.__v7_outer_cache_flush_range
                0x1ff0056c        0x4 arch/arm/cpu/armv7/built-in.o
                0x1ff0056c                v7_outer_cache_flush_range
                0x1ff0056c                __v7_outer_cache_flush_range
 .text.flush_dcache_range
                0x1ff00570       0x3c arch/arm/cpu/armv7/built-in.o
                0x1ff00570                flush_dcache_range
 .text.mmu_page_table_flush
                0x1ff005ac       0x24 arch/arm/cpu/armv7/built-in.o
                0x1ff005ac                mmu_page_table_flush
 .text.flush_cache
                0x1ff005d0        0x8 arch/arm/cpu/armv7/built-in.o
                0x1ff005d0                flush_cache
 .text.__v7_outer_cache_inval_range
                0x1ff005d8        0x4 arch/arm/cpu/armv7/built-in.o
                0x1ff005d8                __v7_outer_cache_inval_range
                0x1ff005d8                v7_outer_cache_inval_range
 .text.invalidate_dcache_range
                0x1ff005dc       0x3c arch/arm/cpu/armv7/built-in.o
                0x1ff005dc                invalidate_dcache_range
 .text.cpu_cache_initialization
                0x1ff00618        0x4 arch/arm/cpu/armv7/built-in.o
                0x1ff00618                cpu_cache_initialization
 .text.cleanup_before_linux
                0x1ff0061c       0x28 arch/arm/cpu/armv7/built-in.o
                0x1ff0061c                cleanup_before_linux
 .text          0x1ff00644       0x24 arch/arm/cpu/armv7/zynq/built-in.o
                0x1ff00644                lowlevel_init
 .text.ddr2x_get_rate
                0x1ff00668       0x3c arch/arm/cpu/armv7/zynq/built-in.o
 .text.ddr3x_get_rate
                0x1ff006a4       0x3c arch/arm/cpu/armv7/zynq/built-in.o
 .text.zynq_clk_periph_get_rate
                0x1ff006e0       0x68 arch/arm/cpu/armv7/zynq/built-in.o
 .text.__zynq_clk_pll_get_rate
                0x1ff00748       0x20 arch/arm/cpu/armv7/zynq/built-in.o
 .text.zynq_clk_pll_get_rate
                0x1ff00768        0x8 arch/arm/cpu/armv7/zynq/built-in.o
 .text.zynq_clk_periph_set_rate
                0x1ff00770      0x11c arch/arm/cpu/armv7/zynq/built-in.o
 .text.zynq_clk_register_periph_clk
                0x1ff0088c       0x5c arch/arm/cpu/armv7/zynq/built-in.o
 .text.zynq_clk_early_init
                0x1ff008e8       0x58 arch/arm/cpu/armv7/zynq/built-in.o
                0x1ff008e8                zynq_clk_early_init
 .text.get_uart_clk
                0x1ff00940       0x50 arch/arm/cpu/armv7/zynq/built-in.o
                0x1ff00940                get_uart_clk
 .text.set_cpu_clk_info
                0x1ff00990      0x618 arch/arm/cpu/armv7/zynq/built-in.o
                0x1ff00990                set_cpu_clk_info
 .text.zynq_clk_get_rate
                0x1ff00fa8       0x20 arch/arm/cpu/armv7/zynq/built-in.o
                0x1ff00fa8                zynq_clk_get_rate
 .text.zynq_clk_set_rate
                0x1ff00fc8       0x40 arch/arm/cpu/armv7/zynq/built-in.o
                0x1ff00fc8                zynq_clk_set_rate
 .text.soc_clk_dump
                0x1ff01008       0x50 arch/arm/cpu/armv7/zynq/built-in.o
                0x1ff01008                soc_clk_dump
 .text.arch_cpu_init
                0x1ff01058       0x64 arch/arm/cpu/armv7/zynq/built-in.o
                0x1ff01058                arch_cpu_init
 .text.reset_cpu
                0x1ff010bc        0xc arch/arm/cpu/armv7/zynq/built-in.o
                0x1ff010bc                reset_cpu
 .text.enable_caches
                0x1ff010c8        0x4 arch/arm/cpu/armv7/zynq/built-in.o
                0x1ff010c8                enable_caches
 .text.zynq_ddrc_init
                0x1ff010cc       0x64 arch/arm/cpu/armv7/zynq/built-in.o
                0x1ff010cc                zynq_ddrc_init
 .text.zynq_slcr_lock
                0x1ff01130       0x2c arch/arm/cpu/armv7/zynq/built-in.o
                0x1ff01130                zynq_slcr_lock
 .text.zynq_slcr_unlock
                0x1ff0115c       0x2c arch/arm/cpu/armv7/zynq/built-in.o
                0x1ff0115c                zynq_slcr_unlock
 .text.zynq_slcr_cpu_reset
                0x1ff01188       0x24 arch/arm/cpu/armv7/zynq/built-in.o
                0x1ff01188                zynq_slcr_cpu_reset
 .text.zynq_slcr_gem_clk_setup
                0x1ff011ac       0x68 arch/arm/cpu/armv7/zynq/built-in.o
                0x1ff011ac                zynq_slcr_gem_clk_setup
 .text.zynq_slcr_get_idcode
                0x1ff01214       0x10 arch/arm/cpu/armv7/zynq/built-in.o
                0x1ff01214                zynq_slcr_get_idcode
 .text.zynq_slcr_get_mio_pin_status
                0x1ff01224       0x90 arch/arm/cpu/armv7/zynq/built-in.o
                0x1ff01224                zynq_slcr_get_mio_pin_status
 .text.timer_init
                0x1ff012b4       0x60 arch/arm/cpu/armv7/zynq/built-in.o
                0x1ff012b4                timer_init
 .text.get_timer_masked
                0x1ff01314       0x50 arch/arm/cpu/armv7/zynq/built-in.o
                0x1ff01314                get_timer_masked
 .text.__udelay
                0x1ff01364       0x90 arch/arm/cpu/armv7/zynq/built-in.o
                0x1ff01364                __udelay
 .text.get_timer
                0x1ff013f4       0x14 arch/arm/cpu/armv7/zynq/built-in.o
                0x1ff013f4                get_timer
 .text.get_ticks
                0x1ff01408       0x10 arch/arm/cpu/armv7/zynq/built-in.o
                0x1ff01408                get_ticks
 .text.get_tbclk
                0x1ff01418        0x8 arch/arm/cpu/armv7/zynq/built-in.o
                0x1ff01418                get_tbclk
 .text          0x1ff01420       0xe8 arch/arm/lib/built-in.o
                0x1ff01420                _main
                0x1ff014a4                relocate_code
 .text.display_banner
                0x1ff01508       0x20 arch/arm/lib/built-in.o
 .text.init_baudrate
                0x1ff01528       0x2c arch/arm/lib/built-in.o
 .text.mark_bootstage
                0x1ff01554       0x14 arch/arm/lib/built-in.o
 .text.__coloured_LED_init
                0x1ff01568        0x4 arch/arm/lib/built-in.o
                0x1ff01568                coloured_LED_init
                0x1ff01568                __coloured_LED_init
 .text.__red_led_on
                0x1ff0156c        0x4 arch/arm/lib/built-in.o
                0x1ff0156c                __red_led_on
                0x1ff0156c                red_led_on
 .text.__dram_init_banksize
                0x1ff01570       0x1c arch/arm/lib/built-in.o
                0x1ff01570                __dram_init_banksize
                0x1ff01570                dram_init_banksize
 .text.__power_init_board
                0x1ff0158c        0x8 arch/arm/lib/built-in.o
                0x1ff0158c                __power_init_board
                0x1ff0158c                power_init_board
 .text.board_init_f
                0x1ff01594      0x114 arch/arm/lib/built-in.o
                0x1ff01594                board_init_f
 .text.board_init_r
                0x1ff016a8       0xbc arch/arm/lib/built-in.o
                0x1ff016a8                board_init_r
 .text.arch_fixup_memory_node
                0x1ff01764        0x8 arch/arm/lib/built-in.o
                0x1ff01764                arch_fixup_memory_node
 .text.boot_jump_linux
                0x1ff0176c       0xb8 arch/arm/lib/built-in.o
 .text.boot_prep_linux
                0x1ff01824       0x40 arch/arm/lib/built-in.o
 .text.arch_lmb_reserve
                0x1ff01864       0x24 arch/arm/lib/built-in.o
                0x1ff01864                arch_lmb_reserve
 .text.do_bootm_linux
                0x1ff01888       0x60 arch/arm/lib/built-in.o
                0x1ff01888                do_bootm_linux
 .text.boot_prep_vxworks
                0x1ff018e8       0x4c arch/arm/lib/built-in.o
                0x1ff018e8                boot_prep_vxworks
 .text.boot_jump_vxworks
                0x1ff01934       0x14 arch/arm/lib/built-in.o
                0x1ff01934                boot_jump_vxworks
 .text.cp_delay
                0x1ff01948       0x30 arch/arm/lib/built-in.o
 .text.arm_init_domains
                0x1ff01978        0x4 arch/arm/lib/built-in.o
                0x1ff01978                arm_init_domains
 .text.set_section_dcache
                0x1ff0197c       0x14 arch/arm/lib/built-in.o
                0x1ff0197c                set_section_dcache
 .text.mmu_set_region_dcache_behaviour
                0x1ff01990       0x50 arch/arm/lib/built-in.o
                0x1ff01990                mmu_set_region_dcache_behaviour
 .text.dram_bank_mmu_setup
                0x1ff019e0       0x40 arch/arm/lib/built-in.o
                0x1ff019e0                dram_bank_mmu_setup
 .text.icache_enable
                0x1ff01a20       0x18 arch/arm/lib/built-in.o
                0x1ff01a20                icache_enable
 .text.icache_disable
                0x1ff01a38       0x1c arch/arm/lib/built-in.o
                0x1ff01a38                icache_disable
 .text.icache_status
                0x1ff01a54        0xc arch/arm/lib/built-in.o
                0x1ff01a54                icache_status
 .text.dcache_enable
                0x1ff01a60       0x70 arch/arm/lib/built-in.o
                0x1ff01a60                dcache_enable
 .text.dcache_disable
                0x1ff01ad0       0x28 arch/arm/lib/built-in.o
                0x1ff01ad0                dcache_disable
 .text.dcache_status
                0x1ff01af8        0xc arch/arm/lib/built-in.o
                0x1ff01af8                dcache_status
 .text.interrupt_init
                0x1ff01b04       0x1c arch/arm/lib/built-in.o
                0x1ff01b04                interrupt_init
 .text.enable_interrupts
                0x1ff01b20        0x4 arch/arm/lib/built-in.o
                0x1ff01b20                enable_interrupts
 .text.disable_interrupts
                0x1ff01b24        0x8 arch/arm/lib/built-in.o
                0x1ff01b24                disable_interrupts
 .text.bad_mode
                0x1ff01b2c       0x10 arch/arm/lib/built-in.o
                0x1ff01b2c                bad_mode
 .text.show_regs
                0x1ff01b3c      0x13c arch/arm/lib/built-in.o
                0x1ff01b3c                show_regs
 .text.do_undefined_instruction
                0x1ff01c78       0x20 arch/arm/lib/built-in.o
                0x1ff01c78                do_undefined_instruction
 .text.do_software_interrupt
                0x1ff01c98       0x20 arch/arm/lib/built-in.o
                0x1ff01c98                do_software_interrupt
 .text.do_prefetch_abort
                0x1ff01cb8       0x20 arch/arm/lib/built-in.o
                0x1ff01cb8                do_prefetch_abort
 .text.do_data_abort
                0x1ff01cd8       0x20 arch/arm/lib/built-in.o
                0x1ff01cd8                do_data_abort
 .text.do_not_used
                0x1ff01cf8       0x20 arch/arm/lib/built-in.o
                0x1ff01cf8                do_not_used
 .text.do_fiq   0x1ff01d18       0x20 arch/arm/lib/built-in.o
                0x1ff01d18                do_fiq
 .text.do_irq   0x1ff01d38       0x20 arch/arm/lib/built-in.o
                0x1ff01d38                do_irq
 .text.do_reset
                0x1ff01d58       0x2c arch/arm/lib/built-in.o
                0x1ff01d58                do_reset
 .text.board_init
                0x1ff01d84       0xd4 board/xilinx/zynq/built-in.o
                0x1ff01d84                board_init
 .text.board_eth_init
                0x1ff01e58       0x14 board/xilinx/zynq/built-in.o
                0x1ff01e58                board_eth_init
 .text.board_mmc_init
                0x1ff01e6c        0xc board/xilinx/zynq/built-in.o
                0x1ff01e6c                board_mmc_init
 .text.dram_init
                0x1ff01e78       0x18 board/xilinx/zynq/built-in.o
                0x1ff01e78                dram_init
 .text.print_num
                0x1ff01e90       0x18 common/built-in.o
 .text.do_bdinfo
                0x1ff01ea8      0x1bc common/built-in.o
                0x1ff01ea8                do_bdinfo
 .text.do_go_exec
                0x1ff02064       0x18 common/built-in.o
                0x1ff02064                do_go_exec
 .text.do_go    0x1ff0207c       0x70 common/built-in.o
 .text.copy_args
                0x1ff020ec       0x50 common/built-in.o
 .text.do_bootm_standalone
                0x1ff0213c       0x68 common/built-in.o
 .text.do_bootd
                0x1ff021a4       0x24 common/built-in.o
                0x1ff021a4                do_bootd
 .text.image_info
                0x1ff021c8      0x128 common/built-in.o
 .text.do_bootm_rtems
                0x1ff022f0       0x70 common/built-in.o
 .text.do_bootm_plan9
                0x1ff02360       0xd4 common/built-in.o
 .text.do_bootm_netbsd
                0x1ff02434      0x128 common/built-in.o
 .text.do_iminfo
                0x1ff0255c       0x60 common/built-in.o
 .text.__arch_preboot_os
                0x1ff025bc        0x4 common/built-in.o
                0x1ff025bc                arch_preboot_os
 .text.do_bootm_states.isra.19.constprop.21
                0x1ff025c0      0x9ac common/built-in.o
 .text.do_bootm
                0x1ff02f6c       0xdc common/built-in.o
                0x1ff02f6c                do_bootm
 .text.bootm_maybe_autostart
                0x1ff03048       0x78 common/built-in.o
                0x1ff03048                bootm_maybe_autostart
 .text.do_bootvx_fdt
                0x1ff030c0      0x10c common/built-in.o
                0x1ff030c0                do_bootvx_fdt
 .text.do_bootm_vxworks
                0x1ff031cc       0x54 common/built-in.o
 .text.parse_argv
                0x1ff03220       0x60 common/built-in.o
 .text.do_icache
                0x1ff03280       0x88 common/built-in.o
                0x1ff03280                do_icache
 .text.do_dcache
                0x1ff03308       0x88 common/built-in.o
                0x1ff03308                do_dcache
 .text.do_clk   0x1ff03390       0x5c common/built-in.o
 .text.do_clk_dump
                0x1ff033ec        0x4 common/built-in.o
 .text.do_coninfo
                0x1ff033f0       0xbc common/built-in.o
 .text.do_echo  0x1ff034ac       0xb0 common/built-in.o
 .text.do_exit  0x1ff0355c       0x30 common/built-in.o
 .text.do_ext2ls
                0x1ff0358c       0x18 common/built-in.o
                0x1ff0358c                do_ext2ls
 .text.do_ext2load
                0x1ff035a4       0x18 common/built-in.o
                0x1ff035a4                do_ext2load
 .text.do_fat_fsload
                0x1ff035bc       0x18 common/built-in.o
                0x1ff035bc                do_fat_fsload
 .text.do_fat_ls
                0x1ff035d4       0x18 common/built-in.o
 .text.do_fat_fsinfo
                0x1ff035ec       0x90 common/built-in.o
 .text.do_fat_fswrite
                0x1ff0367c       0xfc common/built-in.o
 .text.fdt_valid
                0x1ff03778       0xbc common/built-in.o
 .text.is_printable_string
                0x1ff03834       0x88 common/built-in.o
 .text.print_data
                0x1ff038bc      0x170 common/built-in.o
 .text.set_working_fdt_addr
                0x1ff03a2c       0x1c common/built-in.o
                0x1ff03a2c                set_working_fdt_addr
 .text.do_fdt   0x1ff03a48      0xe7c common/built-in.o
 .text.do_fpga  0x1ff048c4      0x348 common/built-in.o
                0x1ff048c4                do_fpga
 .text.do_help  0x1ff04c0c       0x48 common/built-in.o
 .text.evalexp  0x1ff04c54       0x74 common/built-in.o
 .text.binary_test
                0x1ff04cc8      0x1e4 common/built-in.o
 .text.do_itest
                0x1ff04eac       0x98 common/built-in.o
 .text.bin_data_init
                0x1ff04f44       0x2c common/built-in.o
 .text.k_data_save
                0x1ff04f70       0x4c common/built-in.o
 .text.k_data_restore
                0x1ff04fbc       0x4c common/built-in.o
 .text.write_record
                0x1ff05008       0x2c common/built-in.o
 .text.do_save_serial
                0x1ff05034      0x190 common/built-in.o
                0x1ff05034                do_save_serial
 .text.getcxmodem
                0x1ff051c4       0x20 common/built-in.o
 .text.load_serial_ymodem
                0x1ff051e4       0xcc common/built-in.o
 .text.bin_data_char
                0x1ff052b0       0x2c common/built-in.o
 .text.chk1.constprop.1
                0x1ff052dc       0x2c common/built-in.o
 .text.s1_sendpacket.constprop.2
                0x1ff05308       0x50 common/built-in.o
 .text.load_serial
                0x1ff05358      0x1f8 common/built-in.o
 .text.do_load_serial
                0x1ff05550       0xdc common/built-in.o
 .text.do_load_serial_bin
                0x1ff0562c      0x790 common/built-in.o
 .text.do_mem_mw
                0x1ff05dbc       0xc0 common/built-in.o
 .text.do_mem_loop
                0x1ff05e7c       0xf8 common/built-in.o
 .text.do_mem_md
                0x1ff05f74       0xe8 common/built-in.o
 .text.do_mem_cmp
                0x1ff0605c      0x154 common/built-in.o
 .text.do_mem_base
                0x1ff061b0       0x40 common/built-in.o
 .text.do_mem_cp
                0x1ff061f0       0xd8 common/built-in.o
 .text.do_mem_crc
                0x1ff062c8       0x4c common/built-in.o
 .text.mod_mem.isra.2
                0x1ff06314      0x168 common/built-in.o
 .text.do_mem_mm
                0x1ff0647c        0x8 common/built-in.o
 .text.do_mem_nm
                0x1ff06484        0x8 common/built-in.o
 .text.do_sleep
                0x1ff0648c       0x70 common/built-in.o
 .text.do_mmcops
                0x1ff064fc      0x504 common/built-in.o
 .text.do_mmcinfo
                0x1ff06a00      0x180 common/built-in.o
 .text.netboot_common
                0x1ff06b80      0x274 common/built-in.o
 .text.do_bootp
                0x1ff06df4        0xc common/built-in.o
 .text.do_dhcp  0x1ff06e00        0xc common/built-in.o
 .text.do_nfs   0x1ff06e0c        0xc common/built-in.o
 .text.do_tftpb
                0x1ff06e18       0x40 common/built-in.o
                0x1ff06e18                do_tftpb
 .text.do_ping  0x1ff06e58       0x74 common/built-in.o
 .text.do_env_delete
                0x1ff06ecc       0xa4 common/built-in.o
 .text.do_env_save
                0x1ff06f70       0x2c common/built-in.o
 .text.do_env   0x1ff06f9c       0x5c common/built-in.o
 .text.env_print
                0x1ff06ff8       0xc0 common/built-in.o
 .text.do_env_print
                0x1ff070b8       0xc8 common/built-in.o
 .text.do_env_import
                0x1ff07180      0x244 common/built-in.o
 .text.do_env_default
                0x1ff073c4       0xb8 common/built-in.o
 .text._do_env_set.isra.0
                0x1ff0747c      0x1c4 common/built-in.o
 .text.do_env_set
                0x1ff07640       0x1c common/built-in.o
 .text.do_env_ask
                0x1ff0765c      0x164 common/built-in.o
                0x1ff0765c                do_env_ask
 .text.get_env_id
                0x1ff077c0       0x10 common/built-in.o
                0x1ff077c0                get_env_id
 .text.setenv   0x1ff077d0       0x58 common/built-in.o
                0x1ff077d0                setenv
 .text.setenv_ulong
                0x1ff07828       0x20 common/built-in.o
                0x1ff07828                setenv_ulong
 .text.setenv_hex
                0x1ff07848       0x34 common/built-in.o
                0x1ff07848                setenv_hex
 .text.do_env_export
                0x1ff0787c      0x274 common/built-in.o
 .text.envmatch
                0x1ff07af0       0x70 common/built-in.o
                0x1ff07af0                envmatch
 .text.getenv_f
                0x1ff07b60       0xc8 common/built-in.o
                0x1ff07b60                getenv_f
 .text.getenv   0x1ff07c28       0x78 common/built-in.o
                0x1ff07c28                getenv
 .text.getenv_hex
                0x1ff07ca0       0x3c common/built-in.o
                0x1ff07ca0                getenv_hex
 .text.getenv_ulong
                0x1ff07cdc       0x30 common/built-in.o
                0x1ff07cdc                getenv_ulong
 .text.do_env_edit
                0x1ff07d0c       0x74 common/built-in.o
 .text.bytes_per_second
                0x1ff07d80       0x50 common/built-in.o
 .text.do_spi_flash
                0x1ff07dd0      0x750 common/built-in.o
 .text.source   0x1ff08520      0x1c8 common/built-in.o
                0x1ff08520                source
 .text.do_source
                0x1ff086e8       0x70 common/built-in.o
                0x1ff086e8                do_source
 .text.do_spi   0x1ff08758      0x264 common/built-in.o
                0x1ff08758                do_spi
 .text.do_false
                0x1ff089bc        0x8 common/built-in.o
 .text.do_true  0x1ff089c4        0x8 common/built-in.o
 .text.do_test  0x1ff089cc      0x464 common/built-in.o
 .text.do_version
                0x1ff08e30       0x38 common/built-in.o
 .text.do_imgextract
                0x1ff08e68      0x3ac common/built-in.o
 .text.find_cmd_tbl
                0x1ff09214       0xa4 common/built-in.o
                0x1ff09214                find_cmd_tbl
 .text.find_cmd
                0x1ff092b8       0x28 common/built-in.o
                0x1ff092b8                find_cmd
 .text.cmd_usage
                0x1ff092e0       0x5c common/built-in.o
                0x1ff092e0                cmd_usage
 .text._do_help
                0x1ff0933c      0x184 common/built-in.o
                0x1ff0933c                _do_help
 .text.cmd_get_data_size
                0x1ff094c0       0x5c common/built-in.o
                0x1ff094c0                cmd_get_data_size
 .text.cmd_process
                0x1ff0951c       0xe8 common/built-in.o
                0x1ff0951c                cmd_process
 .text.console_setfile
                0x1ff09604       0xa0 common/built-in.o
 .text.serial_printf
                0x1ff096a4       0x4c common/built-in.o
                0x1ff096a4                serial_printf
 .text.fgetc    0x1ff096f0       0x2c common/built-in.o
                0x1ff096f0                fgetc
 .text.ftstc    0x1ff0971c       0x2c common/built-in.o
                0x1ff0971c                ftstc
 .text.fputc    0x1ff09748       0x28 common/built-in.o
                0x1ff09748                fputc
 .text.getc     0x1ff09770       0x24 common/built-in.o
                0x1ff09770                getc
 .text.tstc     0x1ff09794       0x24 common/built-in.o
                0x1ff09794                tstc
 .text.putc     0x1ff097b8       0x28 common/built-in.o
                0x1ff097b8                putc
 .text.puts     0x1ff097e0       0x3c common/built-in.o
                0x1ff097e0                puts
 .text.printf   0x1ff0981c       0x58 common/built-in.o
                0x1ff0981c                printf
 .text.vprintf  0x1ff09874       0x48 common/built-in.o
                0x1ff09874                vprintf
 .text.ctrlc    0x1ff098bc       0x58 common/built-in.o
                0x1ff098bc                ctrlc
 .text.had_ctrlc
                0x1ff09914       0x10 common/built-in.o
                0x1ff09914                had_ctrlc
 .text.clear_ctrlc
                0x1ff09924       0x14 common/built-in.o
                0x1ff09924                clear_ctrlc
 .text.search_device
                0x1ff09938       0x30 common/built-in.o
                0x1ff09938                search_device
 .text.console_assign
                0x1ff09968       0x44 common/built-in.o
                0x1ff09968                console_assign
 .text.on_console
                0x1ff099ac       0xb8 common/built-in.o
 .text.console_init_f
                0x1ff09a64       0x10 common/built-in.o
                0x1ff09a64                console_init_f
 .text.stdio_print_current_devices
                0x1ff09a74       0xb0 common/built-in.o
                0x1ff09a74                stdio_print_current_devices
 .text.console_init_r
                0x1ff09b24      0x154 common/built-in.o
                0x1ff09b24                console_init_r
 .text.sbrk     0x1ff09c78       0x70 common/built-in.o
                0x1ff09c78                sbrk
 .text.mem_malloc_init
                0x1ff09ce8       0x34 common/built-in.o
                0x1ff09ce8                mem_malloc_init
 .text.malloc_trim
                0x1ff09d1c       0xcc common/built-in.o
                0x1ff09d1c                malloc_trim
 .text.free     0x1ff09de8      0x230 common/built-in.o
                0x1ff09de8                free
 .text.malloc   0x1ff0a018      0x5dc common/built-in.o
                0x1ff0a018                malloc
 .text.calloc   0x1ff0a5f4       0xdc common/built-in.o
                0x1ff0a5f4                calloc
 .text.realloc  0x1ff0a6d0      0x4c0 common/built-in.o
                0x1ff0a6d0                realloc
 .text.memalign
                0x1ff0ab90      0x10c common/built-in.o
                0x1ff0ab90                memalign
 .text.env_attr_walk
                0x1ff0ac9c      0x110 common/built-in.o
                0x1ff0ac9c                env_attr_walk
 .text.env_attr_lookup
                0x1ff0adac      0x184 common/built-in.o
                0x1ff0adac                env_attr_lookup
 .text.clear_callback
                0x1ff0af30       0x10 common/built-in.o
 .text.find_env_callback
                0x1ff0af40       0x64 common/built-in.o
 .text.on_callbacks
                0x1ff0afa4       0x48 common/built-in.o
 .text.set_callback
                0x1ff0afec       0x94 common/built-in.o
 .text.env_callback_init
                0x1ff0b080       0xc4 common/built-in.o
                0x1ff0b080                env_callback_init
 .text.__env_get_char_spec
                0x1ff0b144        0xc common/built-in.o
                0x1ff0b144                env_get_char_spec
 .text.env_get_addr
                0x1ff0b150       0x20 common/built-in.o
                0x1ff0b150                env_get_addr
 .text.env_get_char_memory
                0x1ff0b170       0x10 common/built-in.o
                0x1ff0b170                env_get_char_memory
 .text.env_get_char
                0x1ff0b180       0x30 common/built-in.o
                0x1ff0b180                env_get_char
 .text.getenv_yesno
                0x1ff0b1b0       0x48 common/built-in.o
                0x1ff0b1b0                getenv_yesno
 .text.getenv_default
                0x1ff0b1f8       0x30 common/built-in.o
                0x1ff0b1f8                getenv_default
 .text.set_default_env
                0x1ff0b228       0xbc common/built-in.o
                0x1ff0b228                set_default_env
 .text.set_default_vars
                0x1ff0b2e4       0x34 common/built-in.o
                0x1ff0b2e4                set_default_vars
 .text.env_import
                0x1ff0b318       0xe0 common/built-in.o
                0x1ff0b318                env_import
 .text.env_relocate
                0x1ff0b3f8       0x30 common/built-in.o
                0x1ff0b3f8                env_relocate
 .text.skip_num
                0x1ff0b428       0x74 common/built-in.o
 .text.clear_flags
                0x1ff0b49c       0x10 common/built-in.o
 .text.on_flags
                0x1ff0b4ac       0x48 common/built-in.o
 .text.env_flags_parse_vartype
                0x1ff0b4f4       0x50 common/built-in.o
                0x1ff0b4f4                env_flags_parse_vartype
 .text.env_flags_parse_varaccess
                0x1ff0b544       0x58 common/built-in.o
                0x1ff0b544                env_flags_parse_varaccess
 .text.set_flags
                0x1ff0b59c       0xac common/built-in.o
 .text.env_flags_init
                0x1ff0b648       0xd8 common/built-in.o
                0x1ff0b648                env_flags_init
 .text.env_flags_validate
                0x1ff0b720      0x30c common/built-in.o
                0x1ff0b720                env_flags_validate
 .text.saveenv  0x1ff0ba2c      0x174 common/built-in.o
                0x1ff0ba2c                saveenv
 .text.env_relocate_spec
                0x1ff0bba0       0xa4 common/built-in.o
                0x1ff0bba0                env_relocate_spec
 .text.env_init
                0x1ff0bc44       0x1c common/built-in.o
                0x1ff0bc44                env_init
 .text.dummy    0x1ff0bc60        0x4 common/built-in.o
 .text.get_version
                0x1ff0bc64        0x8 common/built-in.o
                0x1ff0bc64                get_version
 .text.jumptable_init
                0x1ff0bc6c      0x1c0 common/built-in.o
                0x1ff0bc6c                jumptable_init
 .text.write_cell
                0x1ff0be2c       0x4c common/built-in.o
 .text.get_cells_len
                0x1ff0be78       0x3c common/built-in.o
 .text.fdt_find_and_setprop
                0x1ff0beb4       0x70 common/built-in.o
                0x1ff0beb4                fdt_find_and_setprop
 .text.fdt_initrd
                0x1ff0bf24      0x1e4 common/built-in.o
                0x1ff0bf24                fdt_initrd
 .text.fdt_chosen
                0x1ff0c108      0x114 common/built-in.o
                0x1ff0c108                fdt_chosen
 .text.do_fixup_by_path
                0x1ff0c21c       0x54 common/built-in.o
                0x1ff0c21c                do_fixup_by_path
 .text.fdt_fixup_memory_banks
                0x1ff0c270      0x1a8 common/built-in.o
                0x1ff0c270                fdt_fixup_memory_banks
 .text.fdt_fixup_memory
                0x1ff0c418       0x24 common/built-in.o
                0x1ff0c418                fdt_fixup_memory
 .text.fdt_fixup_ethernet
                0x1ff0c43c      0x12c common/built-in.o
                0x1ff0c43c                fdt_fixup_ethernet
 .text.fdt_resize
                0x1ff0c568       0xd0 common/built-in.o
                0x1ff0c568                fdt_resize
 .text.hash_command
                0x1ff0c638       0xa0 common/built-in.o
                0x1ff0c638                hash_command
 .text.b_reset  0x1ff0c6d8       0x1c common/built-in.o
 .text.static_get
                0x1ff0c6f4       0x1c common/built-in.o
 .text.static_peek
                0x1ff0c710        0xc common/built-in.o
 .text.file_peek
                0x1ff0c71c        0xc common/built-in.o
 .text.mapset   0x1ff0c728       0x20 common/built-in.o
 .text.syntax_err
                0x1ff0c748        0xc common/built-in.o
 .text.free_pipe_list
                0x1ff0c754       0xe8 common/built-in.o
 .text.xmalloc  0x1ff0c83c       0x20 common/built-in.o
 .text.new_pipe
                0x1ff0c85c       0x28 common/built-in.o
 .text.xrealloc
                0x1ff0c884       0x20 common/built-in.o
 .text.done_command
                0x1ff0c8a4       0x88 common/built-in.o
 .text.done_pipe
                0x1ff0c92c       0x4c common/built-in.o
 .text.done_word
                0x1ff0c978      0x2a8 common/built-in.o
 .text.do_showvar
                0x1ff0cc20       0xf0 common/built-in.o
 .text.is_assignment
                0x1ff0cd10       0x54 common/built-in.o
 .text.file_get
                0x1ff0cd64      0x1d0 common/built-in.o
 .text.b_addchr
                0x1ff0cf34       0x80 common/built-in.o
 .text.b_addqchr
                0x1ff0cfb4       0x50 common/built-in.o
 .text.get_local_var
                0x1ff0d004       0x94 common/built-in.o
                0x1ff0d004                get_local_var
 .text.set_local_var
                0x1ff0d098      0x1a8 common/built-in.o
                0x1ff0d098                set_local_var
 .text.insert_var_value_sub
                0x1ff0d240      0x2a8 common/built-in.o
 .text.parse_string_outer
                0x1ff0d4e8       0xe4 common/built-in.o
                0x1ff0d4e8                parse_string_outer
 .text.run_list_real
                0x1ff0d5cc      0x794 common/built-in.o
 .text.parse_stream_outer
                0x1ff0dd60      0x6a0 common/built-in.o
 .text.parse_file_outer
                0x1ff0e400       0x44 common/built-in.o
                0x1ff0e400                parse_file_outer
 .text.u_boot_hush_start
                0x1ff0e444       0x54 common/built-in.o
                0x1ff0e444                u_boot_hush_start
 .text.fdt_error
                0x1ff0e498       0x2c common/built-in.o
 .text.boot_fdt_add_mem_rsv_regions
                0x1ff0e4c4       0x88 common/built-in.o
                0x1ff0e4c4                boot_fdt_add_mem_rsv_regions
 .text.boot_relocate_fdt
                0x1ff0e54c      0x194 common/built-in.o
                0x1ff0e54c                boot_relocate_fdt
 .text.boot_get_fdt
                0x1ff0e6e0      0x390 common/built-in.o
                0x1ff0e6e0                boot_get_fdt
 .text.ft_verify_fdt
                0x1ff0ea70        0x8 common/built-in.o
                0x1ff0ea70                ft_verify_fdt
 .text.image_setup_libfdt
                0x1ff0ea78       0xd8 common/built-in.o
                0x1ff0ea78                image_setup_libfdt
 .text.fit_parse_conf
                0x1ff0eb50       0x64 common/built-in.o
                0x1ff0eb50                fit_parse_conf
 .text.fit_parse_subimage
                0x1ff0ebb4       0x64 common/built-in.o
                0x1ff0ebb4                fit_parse_subimage
 .text.fit_get_desc
                0x1ff0ec18       0x30 common/built-in.o
                0x1ff0ec18                fit_get_desc
 .text.fit_image_get_node
                0x1ff0ec48       0x30 common/built-in.o
                0x1ff0ec48                fit_image_get_node
 .text.fit_image_get_os
                0x1ff0ec78       0x3c common/built-in.o
                0x1ff0ec78                fit_image_get_os
 .text.fit_image_get_arch
                0x1ff0ecb4       0x3c common/built-in.o
                0x1ff0ecb4                fit_image_get_arch
 .text.fit_image_get_type
                0x1ff0ecf0       0x3c common/built-in.o
                0x1ff0ecf0                fit_image_get_type
 .text.fit_image_get_comp
                0x1ff0ed2c       0x3c common/built-in.o
                0x1ff0ed2c                fit_image_get_comp
 .text.fit_image_get_load
                0x1ff0ed68       0x38 common/built-in.o
                0x1ff0ed68                fit_image_get_load
 .text.fit_image_get_entry
                0x1ff0eda0       0x38 common/built-in.o
                0x1ff0eda0                fit_image_get_entry
 .text.fit_image_get_data
                0x1ff0edd8       0x40 common/built-in.o
                0x1ff0edd8                fit_image_get_data
 .text.fit_image_hash_get_algo
                0x1ff0ee18       0x30 common/built-in.o
                0x1ff0ee18                fit_image_hash_get_algo
 .text.fit_image_hash_get_value
                0x1ff0ee48       0x40 common/built-in.o
                0x1ff0ee48                fit_image_hash_get_value
 .text.fit_image_print_data
                0x1ff0ee88      0x140 common/built-in.o
 .text.fit_image_print
                0x1ff0efc8      0x334 common/built-in.o
                0x1ff0efc8                fit_image_print
 .text.calculate_hash
                0x1ff0f2fc       0xc8 common/built-in.o
                0x1ff0f2fc                calculate_hash
 .text.fit_image_verify
                0x1ff0f3c4      0x218 common/built-in.o
                0x1ff0f3c4                fit_image_verify
 .text.fit_all_image_verify
                0x1ff0f5dc       0xe4 common/built-in.o
                0x1ff0f5dc                fit_all_image_verify
 .text.fit_image_check_os
                0x1ff0f6c0       0x34 common/built-in.o
                0x1ff0f6c0                fit_image_check_os
 .text.fit_image_check_arch
                0x1ff0f6f4       0x34 common/built-in.o
                0x1ff0f6f4                fit_image_check_arch
 .text.fit_image_check_type
                0x1ff0f728       0x34 common/built-in.o
                0x1ff0f728                fit_image_check_type
 .text.fit_image_check_comp
                0x1ff0f75c       0x34 common/built-in.o
                0x1ff0f75c                fit_image_check_comp
 .text.fit_check_format
                0x1ff0f790       0x40 common/built-in.o
                0x1ff0f790                fit_check_format
 .text.fit_conf_get_node
                0x1ff0f7d0       0x68 common/built-in.o
                0x1ff0f7d0                fit_conf_get_node
 .text.fit_conf_get_prop_node
                0x1ff0f838       0x2c common/built-in.o
                0x1ff0f838                fit_conf_get_prop_node
 .text.fit_conf_print
                0x1ff0f864      0x108 common/built-in.o
                0x1ff0f864                fit_conf_print
 .text.fit_print_contents
                0x1ff0f96c      0x1e4 common/built-in.o
                0x1ff0f96c                fit_print_contents
 .text.fit_image_select
                0x1ff0fb50       0x6c common/built-in.o
                0x1ff0fb50                fit_image_select
 .text.fit_get_node_from_config
                0x1ff0fbbc       0x44 common/built-in.o
                0x1ff0fbbc                fit_get_node_from_config
 .text.fit_image_load
                0x1ff0fc00      0x480 common/built-in.o
                0x1ff0fc00                fit_image_load
 .text.on_loadaddr
                0x1ff10080       0x38 common/built-in.o
 .text.image_check_hcrc
                0x1ff100b8       0x4c common/built-in.o
                0x1ff100b8                image_check_hcrc
 .text.image_check_dcrc
                0x1ff10104       0x38 common/built-in.o
                0x1ff10104                image_check_dcrc
 .text.image_multi_count
                0x1ff1013c       0x1c common/built-in.o
                0x1ff1013c                image_multi_count
 .text.image_multi_getimg
                0x1ff10158       0x80 common/built-in.o
                0x1ff10158                image_multi_getimg
 .text.getenv_bootm_low
                0x1ff101d8       0x28 common/built-in.o
                0x1ff101d8                getenv_bootm_low
 .text.getenv_bootm_size
                0x1ff10200       0x5c common/built-in.o
                0x1ff10200                getenv_bootm_size
 .text.getenv_bootm_mapsize
                0x1ff1025c       0x30 common/built-in.o
                0x1ff1025c                getenv_bootm_mapsize
 .text.memmove_wd
                0x1ff1028c        0xc common/built-in.o
                0x1ff1028c                memmove_wd
 .text.genimg_print_size
                0x1ff10298       0x30 common/built-in.o
                0x1ff10298                genimg_print_size
 .text.get_table_entry_name
                0x1ff102c8       0x2c common/built-in.o
                0x1ff102c8                get_table_entry_name
 .text.genimg_get_os_name
                0x1ff102f4       0x18 common/built-in.o
                0x1ff102f4                genimg_get_os_name
 .text.genimg_get_arch_name
                0x1ff1030c       0x18 common/built-in.o
                0x1ff1030c                genimg_get_arch_name
 .text.genimg_get_type_name
                0x1ff10324       0x18 common/built-in.o
                0x1ff10324                genimg_get_type_name
 .text.genimg_get_comp_name
                0x1ff1033c       0x18 common/built-in.o
                0x1ff1033c                genimg_get_comp_name
 .text.image_print_contents
                0x1ff10354      0x16c common/built-in.o
                0x1ff10354                image_print_contents
 .text.get_table_entry_id
                0x1ff104c0       0x50 common/built-in.o
                0x1ff104c0                get_table_entry_id
 .text.genimg_get_os_id
                0x1ff10510       0x18 common/built-in.o
                0x1ff10510                genimg_get_os_id
 .text.genimg_get_arch_id
                0x1ff10528       0x18 common/built-in.o
                0x1ff10528                genimg_get_arch_id
 .text.genimg_get_type_id
                0x1ff10540       0x18 common/built-in.o
                0x1ff10540                genimg_get_type_id
 .text.genimg_get_comp_id
                0x1ff10558       0x18 common/built-in.o
                0x1ff10558                genimg_get_comp_id
 .text.genimg_get_format
                0x1ff10570       0x38 common/built-in.o
                0x1ff10570                genimg_get_format
 .text.genimg_get_image
                0x1ff105a8        0x4 common/built-in.o
                0x1ff105a8                genimg_get_image
 .text.genimg_has_config
                0x1ff105ac       0x10 common/built-in.o
                0x1ff105ac                genimg_has_config
 .text.boot_get_ramdisk
                0x1ff105bc      0x348 common/built-in.o
                0x1ff105bc                boot_get_ramdisk
 .text.boot_ramdisk_high
                0x1ff10904      0x128 common/built-in.o
                0x1ff10904                boot_ramdisk_high
 .text.image_setup_linux
                0x1ff10a2c       0x8c common/built-in.o
                0x1ff10a2c                image_setup_linux
 .text.delete_char.part.0
                0x1ff10ab8       0xd0 common/built-in.o
 .text.cread_add_char
                0x1ff10b88       0xe8 common/built-in.o
 .text.__show_boot_progress
                0x1ff10c70        0x4 common/built-in.o
                0x1ff10c70                __show_boot_progress
                0x1ff10c70                show_boot_progress
 .text.readline_into_buffer
                0x1ff10c74      0x8fc common/built-in.o
                0x1ff10c74                readline_into_buffer
 .text.readline
                0x1ff11570       0x14 common/built-in.o
                0x1ff11570                readline
 .text.run_command
                0x1ff11584        0x8 common/built-in.o
                0x1ff11584                run_command
 .text.run_command_list
                0x1ff1158c       0x5c common/built-in.o
                0x1ff1158c                run_command_list
 .text.main_loop
                0x1ff115e8      0x12c common/built-in.o
                0x1ff115e8                main_loop
 .text.do_run   0x1ff11714       0x74 common/built-in.o
                0x1ff11714                do_run
 .text.legacy_miiphy_read
                0x1ff11788       0x34 common/built-in.o
 .text.legacy_miiphy_write
                0x1ff117bc       0x24 common/built-in.o
 .text.miiphy_get_dev_by_name
                0x1ff117e0       0x5c common/built-in.o
                0x1ff117e0                miiphy_get_dev_by_name
 .text.miiphy_init
                0x1ff1183c       0x24 common/built-in.o
                0x1ff1183c                miiphy_init
 .text.mdio_alloc
                0x1ff11860       0x30 common/built-in.o
                0x1ff11860                mdio_alloc
 .text.miiphy_register
                0x1ff11890      0x108 common/built-in.o
                0x1ff11890                miiphy_register
 .text.hex1_bin
                0x1ff11998       0x48 common/built-in.o
 .text.hex2_bin
                0x1ff119e0       0x38 common/built-in.o
 .text.srec_decode
                0x1ff11a18      0x254 common/built-in.o
                0x1ff11a18                srec_decode
 .text.stdio_get_list
                0x1ff11c6c        0xc common/built-in.o
                0x1ff11c6c                stdio_get_list
 .text.stdio_get_by_name
                0x1ff11c78       0x4c common/built-in.o
                0x1ff11c78                stdio_get_by_name
 .text.stdio_clone
                0x1ff11cc4       0x40 common/built-in.o
                0x1ff11cc4                stdio_clone
 .text.stdio_register
                0x1ff11d04       0x44 common/built-in.o
                0x1ff11d04                stdio_register
 .text.stdio_init
                0x1ff11d48       0x90 common/built-in.o
                0x1ff11d48                stdio_init
 .text.CYGACC_COMM_IF_GETC_TIMEOUT.isra.0
                0x1ff11dd8       0x4c common/built-in.o
 .text.xyzModem_flush
                0x1ff11e24       0x1c common/built-in.o
 .text.xyzModem_get_hdr
                0x1ff11e40      0x230 common/built-in.o
 .text.xyzModem_stream_open
                0x1ff12070      0x258 common/built-in.o
                0x1ff12070                xyzModem_stream_open
 .text.xyzModem_stream_read
                0x1ff122c8      0x24c common/built-in.o
                0x1ff122c8                xyzModem_stream_read
 .text.xyzModem_stream_close
                0x1ff12514       0x54 common/built-in.o
                0x1ff12514                xyzModem_stream_close
 .text.xyzModem_stream_terminate
                0x1ff12568       0x94 common/built-in.o
                0x1ff12568                xyzModem_stream_terminate
 .text.xyzModem_error
                0x1ff125fc       0x20 common/built-in.o
                0x1ff125fc                xyzModem_error
 .text.get_dev  0x1ff1261c       0x60 disk/built-in.o
                0x1ff1261c                get_dev
 .text.dev_print
                0x1ff1267c      0x218 disk/built-in.o
                0x1ff1267c                dev_print
 .text.init_part
                0x1ff12894       0x20 disk/built-in.o
                0x1ff12894                init_part
 .text.print_part
                0x1ff128b4       0xf8 disk/built-in.o
                0x1ff128b4                print_part
 .text.get_partition_info
                0x1ff129ac       0x28 disk/built-in.o
                0x1ff129ac                get_partition_info
 .text.get_device
                0x1ff129d4       0x84 disk/built-in.o
                0x1ff129d4                get_device
 .text.get_device_and_partition
                0x1ff12a58      0x458 disk/built-in.o
                0x1ff12a58                get_device_and_partition
 .text.test_block_type
                0x1ff12eb0       0x7c disk/built-in.o
 .text.print_partition_extended
                0x1ff12f2c      0x25c disk/built-in.o
 .text.get_partition_info_extended.constprop.2
                0x1ff13188      0x2b4 disk/built-in.o
 .text.test_part_dos
                0x1ff1343c       0x60 disk/built-in.o
                0x1ff1343c                test_part_dos
 .text.print_part_dos
                0x1ff1349c       0x34 disk/built-in.o
                0x1ff1349c                print_part_dos
 .text.get_partition_info_dos
                0x1ff134d0       0x20 disk/built-in.o
                0x1ff134d0                get_partition_info_dos
 .text.fpga_no_sup
                0x1ff134f0       0x4c drivers/built-in.o
 .text.fpga_get_desc
                0x1ff1353c       0x34 drivers/built-in.o
                0x1ff1353c                fpga_get_desc
 .text.fpga_dev_info
                0x1ff13570       0x88 drivers/built-in.o
 .text.fpga_validate
                0x1ff135f8       0x54 drivers/built-in.o
                0x1ff135f8                fpga_validate
 .text.fpga_init
                0x1ff1364c       0x20 drivers/built-in.o
                0x1ff1364c                fpga_init
 .text.fpga_count
                0x1ff1366c       0x10 drivers/built-in.o
                0x1ff1366c                fpga_count
 .text.fpga_add
                0x1ff1367c       0xa0 drivers/built-in.o
                0x1ff1367c                fpga_add
 .text.fpga_loadbitstream
                0x1ff1371c       0x18 drivers/built-in.o
                0x1ff1371c                fpga_loadbitstream
 .text.fpga_load
                0x1ff13734       0x80 drivers/built-in.o
                0x1ff13734                fpga_load
 .text.fpga_dump
                0x1ff137b4       0x80 drivers/built-in.o
                0x1ff137b4                fpga_dump
 .text.fpga_info
                0x1ff13834       0x74 drivers/built-in.o
                0x1ff13834                fpga_info
 .text.mmc_set_ios
                0x1ff138a8       0x10 drivers/mmc/built-in.o
 .text.mmc_set_capacity
                0x1ff138b8       0xac drivers/mmc/built-in.o
 .text.board_mmc_getwp
                0x1ff13964        0x8 drivers/mmc/built-in.o
                0x1ff13964                board_mmc_getwp
 .text.mmc_getwp
                0x1ff1396c       0x34 drivers/mmc/built-in.o
                0x1ff1396c                mmc_getwp
 .text.__board_mmc_getcd
                0x1ff139a0        0x8 drivers/mmc/built-in.o
                0x1ff139a0                __board_mmc_getcd
                0x1ff139a0                board_mmc_getcd
 .text.mmc_send_cmd
                0x1ff139a8       0x10 drivers/mmc/built-in.o
                0x1ff139a8                mmc_send_cmd
 .text.mmc_go_idle
                0x1ff139b8       0x4c drivers/mmc/built-in.o
 .text.mmc_send_op_cond_iter
                0x1ff13a04       0x7c drivers/mmc/built-in.o
 .text.mmc_send_ext_csd
                0x1ff13a80       0x4c drivers/mmc/built-in.o
 .text.mmc_send_status
                0x1ff13acc       0xc4 drivers/mmc/built-in.o
                0x1ff13acc                mmc_send_status
 .text.mmc_switch.isra.1
                0x1ff13b90       0x54 drivers/mmc/built-in.o
 .text.mmc_set_blocklen
                0x1ff13be4       0x30 drivers/mmc/built-in.o
                0x1ff13be4                mmc_set_blocklen
 .text.find_mmc_device
                0x1ff13c14       0x4c drivers/mmc/built-in.o
                0x1ff13c14                find_mmc_device
 .text.mmc_bread
                0x1ff13c60      0x138 drivers/mmc/built-in.o
 .text.mmc_send_op_cond
                0x1ff13d98       0x74 drivers/mmc/built-in.o
                0x1ff13d98                mmc_send_op_cond
 .text.mmc_complete_op_cond
                0x1ff13e0c       0x88 drivers/mmc/built-in.o
                0x1ff13e0c                mmc_complete_op_cond
 .text.mmc_switch_part
                0x1ff13e94       0x4c drivers/mmc/built-in.o
                0x1ff13e94                mmc_switch_part
 .text.mmc_getcd
                0x1ff13ee0       0x34 drivers/mmc/built-in.o
                0x1ff13ee0                mmc_getcd
 .text.mmc_set_clock
                0x1ff13f14       0x20 drivers/mmc/built-in.o
                0x1ff13f14                mmc_set_clock
 .text.mmc_startup
                0x1ff13f34      0xb60 drivers/mmc/built-in.o
 .text.mmc_register
                0x1ff14a94       0x98 drivers/mmc/built-in.o
                0x1ff14a94                mmc_register
 .text.mmc_start_init
                0x1ff14b2c      0x208 drivers/mmc/built-in.o
                0x1ff14b2c                mmc_start_init
 .text.mmc_init
                0x1ff14d34       0x90 drivers/mmc/built-in.o
                0x1ff14d34                mmc_init
 .text.mmc_get_dev
                0x1ff14dc4       0x2c drivers/mmc/built-in.o
                0x1ff14dc4                mmc_get_dev
 .text.mmc_set_dsr
                0x1ff14df0        0xc drivers/mmc/built-in.o
                0x1ff14df0                mmc_set_dsr
 .text.__def_mmc_init
                0x1ff14dfc        0x8 drivers/mmc/built-in.o
                0x1ff14dfc                cpu_mmc_init
 .text.print_mmc_devices
                0x1ff14e04       0x68 drivers/mmc/built-in.o
                0x1ff14e04                print_mmc_devices
 .text.get_mmc_num
                0x1ff14e6c       0x10 drivers/mmc/built-in.o
                0x1ff14e6c                get_mmc_num
 .text.mmc_initialize
                0x1ff14e7c       0x78 drivers/mmc/built-in.o
                0x1ff14e7c                mmc_initialize
 .text.mmc_berase
                0x1ff14ef4      0x190 drivers/mmc/built-in.o
                0x1ff14ef4                mmc_berase
 .text.mmc_bwrite
                0x1ff15084      0x15c drivers/mmc/built-in.o
                0x1ff15084                mmc_bwrite
 .text.sdhci_set_ios
                0x1ff151e0      0x1cc drivers/mmc/built-in.o
                0x1ff151e0                sdhci_set_ios
 .text.sdhci_init
                0x1ff153ac      0x194 drivers/mmc/built-in.o
                0x1ff153ac                sdhci_init
 .text.sdhci_reset
                0x1ff15540       0x60 drivers/mmc/built-in.o
 .text.sdhci_send_command
                0x1ff155a0      0x3d4 drivers/mmc/built-in.o
                0x1ff155a0                sdhci_send_command
 .text.add_sdhci
                0x1ff15974      0x194 drivers/mmc/built-in.o
                0x1ff15974                add_sdhci
 .text.zynq_sdhci_init
                0x1ff15b08       0x70 drivers/mmc/built-in.o
                0x1ff15b08                zynq_sdhci_init
 .text.spi_flash_read_write
                0x1ff15b78       0x84 drivers/mtd/spi/built-in.o
 .text.spi_flash_cmd_read
                0x1ff15bfc       0x20 drivers/mtd/spi/built-in.o
                0x1ff15bfc                spi_flash_cmd_read
 .text.spi_flash_cmd
                0x1ff15c1c       0x2c drivers/mtd/spi/built-in.o
                0x1ff15c1c                spi_flash_cmd
 .text.spi_flash_cmd_write
                0x1ff15c48       0x20 drivers/mtd/spi/built-in.o
                0x1ff15c48                spi_flash_cmd_write
 .text.spi_flash_dual_flash
                0x1ff15c68       0x5c drivers/mtd/spi/built-in.o
 .text.spi_flash_cmd_wait_ready
                0x1ff15cc4       0xe8 drivers/mtd/spi/built-in.o
                0x1ff15cc4                spi_flash_cmd_wait_ready
 .text.spi_flash_write_common
                0x1ff15dac       0x9c drivers/mtd/spi/built-in.o
                0x1ff15dac                spi_flash_write_common
 .text.spi_flash_bank
                0x1ff15e48       0x64 drivers/mtd/spi/built-in.o
 .text.spi_flash_cmd_erase_ops
                0x1ff15eac       0xd4 drivers/mtd/spi/built-in.o
                0x1ff15eac                spi_flash_cmd_erase_ops
 .text.spi_flash_cmd_write_ops
                0x1ff15f80       0xe0 drivers/mtd/spi/built-in.o
                0x1ff15f80                spi_flash_cmd_write_ops
 .text.spi_flash_read_common
                0x1ff16060       0x5c drivers/mtd/spi/built-in.o
                0x1ff16060                spi_flash_read_common
 .text.spi_flash_cmd_read_status
                0x1ff160bc       0x2c drivers/mtd/spi/built-in.o
                0x1ff160bc                spi_flash_cmd_read_status
 .text.spi_flash_cmd_write_config
                0x1ff160e8       0x4c drivers/mtd/spi/built-in.o
                0x1ff160e8                spi_flash_cmd_write_config
 .text.spi_flash_cmd_read_config
                0x1ff16134       0x2c drivers/mtd/spi/built-in.o
                0x1ff16134                spi_flash_cmd_read_config
 .text.spi_flash_cmd_read_ops
                0x1ff16160      0x16c drivers/mtd/spi/built-in.o
                0x1ff16160                spi_flash_cmd_read_ops
 .text.spi_flash_set_qeb
                0x1ff162cc       0x6c drivers/mtd/spi/built-in.o
 .text.spi_flash_probe
                0x1ff16338      0x3f4 drivers/mtd/spi/built-in.o
                0x1ff16338                spi_flash_probe
 .text.spi_flash_free
                0x1ff1672c       0x1c drivers/mtd/spi/built-in.o
                0x1ff1672c                spi_flash_free
 .text.nc_wait_arp_handler
                0x1ff16748       0x14 drivers/net/built-in.o
 .text.nc_handler
                0x1ff1675c       0x24 drivers/net/built-in.o
 .text.nc_timeout
                0x1ff16780       0x14 drivers/net/built-in.o
 .text.is_broadcast
                0x1ff16794       0xa0 drivers/net/built-in.o
 .text.nc_getc  0x1ff16834       0x8c drivers/net/built-in.o
 .text.nc_send_packet
                0x1ff168c0      0x168 drivers/net/built-in.o
 .text.nc_putc  0x1ff16a28       0x38 drivers/net/built-in.o
 .text.refresh_settings_from_env
                0x1ff16a60      0x130 drivers/net/built-in.o
 .text.nc_start
                0x1ff16b90       0x38 drivers/net/built-in.o
 .text.nc_tstc  0x1ff16bc8       0x94 drivers/net/built-in.o
 .text.nc_puts  0x1ff16c5c       0x60 drivers/net/built-in.o
 .text.NcStart  0x1ff16cbc       0xdc drivers/net/built-in.o
                0x1ff16cbc                NcStart
 .text.nc_input_packet
                0x1ff16d98       0xe0 drivers/net/built-in.o
                0x1ff16d98                nc_input_packet
 .text.drv_nc_init
                0x1ff16e78       0x84 drivers/net/built-in.o
                0x1ff16e78                drv_nc_init
 .text.zynq_gem_setup_mac
                0x1ff16efc       0x70 drivers/net/built-in.o
 .text.zynq_gem_halt
                0x1ff16f6c       0x14 drivers/net/built-in.o
 .text.phy_setup_op
                0x1ff16f80       0x94 drivers/net/built-in.o
 .text.zynq_gem_miiphy_write
                0x1ff17014       0x2c drivers/net/built-in.o
 .text.zynq_gem_recv
                0x1ff17040       0xd8 drivers/net/built-in.o
 .text.zynq_gem_send
                0x1ff17118       0xac drivers/net/built-in.o
 .text.zynq_gem_miiphyread
                0x1ff171c4       0x24 drivers/net/built-in.o
 .text.zynq_gem_init
                0x1ff171e8      0x290 drivers/net/built-in.o
 .text.zynq_gem_initialize
                0x1ff17478      0x128 drivers/net/built-in.o
                0x1ff17478                zynq_gem_initialize
 .text.m88e1xxx_parse_status
                0x1ff175a0      0x10c drivers/net/phy/built-in.o
 .text.m88e1011s_startup
                0x1ff176ac       0x1c drivers/net/phy/built-in.o
 .text.m88e1118_startup
                0x1ff176c8       0x44 drivers/net/phy/built-in.o
 .text.m88e1145_startup
                0x1ff1770c       0x40 drivers/net/phy/built-in.o
 .text.m88e1011s_config
                0x1ff1774c       0xf8 drivers/net/phy/built-in.o
 .text.m88e1121_config
                0x1ff17844       0xcc drivers/net/phy/built-in.o
 .text.m88e1111s_config
                0x1ff17910      0x324 drivers/net/phy/built-in.o
 .text.m88e1118_config
                0x1ff17c34       0xc4 drivers/net/phy/built-in.o
 .text.m88e1145_config
                0x1ff17cf8      0x10c drivers/net/phy/built-in.o
 .text.m88e1149_config
                0x1ff17e04       0xc4 drivers/net/phy/built-in.o
 .text.m88e1310_config
                0x1ff17ec8      0x164 drivers/net/phy/built-in.o
 .text.phy_marvell_init
                0x1ff1802c       0x78 drivers/net/phy/built-in.o
                0x1ff1802c                phy_marvell_init
 .text.genphy_shutdown
                0x1ff180a4        0x8 drivers/net/phy/built-in.o
                0x1ff180a4                genphy_shutdown
 .text.generic_ffs
                0x1ff180ac       0x50 drivers/net/phy/built-in.o
 .text.phy_device_create
                0x1ff180fc       0xe4 drivers/net/phy/built-in.o
 .text.get_phy_device_by_mask
                0x1ff181e0      0x158 drivers/net/phy/built-in.o
 .text.genphy_restart_aneg
                0x1ff18338       0x5c drivers/net/phy/built-in.o
                0x1ff18338                genphy_restart_aneg
 .text.genphy_config_aneg
                0x1ff18394      0x1dc drivers/net/phy/built-in.o
                0x1ff18394                genphy_config_aneg
 .text.genphy_config
                0x1ff18570       0xb4 drivers/net/phy/built-in.o
                0x1ff18570                genphy_config
 .text.genphy_update_link
                0x1ff18624      0x140 drivers/net/phy/built-in.o
                0x1ff18624                genphy_update_link
 .text.genphy_parse_link
                0x1ff18764      0x190 drivers/net/phy/built-in.o
                0x1ff18764                genphy_parse_link
 .text.genphy_startup
                0x1ff188f4       0x1c drivers/net/phy/built-in.o
                0x1ff188f4                genphy_startup
 .text.phy_init
                0x1ff18910       0x10 drivers/net/phy/built-in.o
                0x1ff18910                phy_init
 .text.phy_register
                0x1ff18920       0x28 drivers/net/phy/built-in.o
                0x1ff18920                phy_register
 .text.phy_reset
                0x1ff18948       0xac drivers/net/phy/built-in.o
                0x1ff18948                phy_reset
 .text.phy_find_by_mask
                0x1ff189f4       0x3c drivers/net/phy/built-in.o
                0x1ff189f4                phy_find_by_mask
 .text.phy_connect_dev
                0x1ff18a30       0x44 drivers/net/phy/built-in.o
                0x1ff18a30                phy_connect_dev
 .text.phy_connect
                0x1ff18a74       0x50 drivers/net/phy/built-in.o
                0x1ff18a74                phy_connect
 .text.phy_startup
                0x1ff18ac4       0x24 drivers/net/phy/built-in.o
                0x1ff18ac4                phy_startup
 .text.__board_phy_config
                0x1ff18ae8       0x24 drivers/net/phy/built-in.o
                0x1ff18ae8                board_phy_config
 .text.phy_config
                0x1ff18b0c       0x10 drivers/net/phy/built-in.o
                0x1ff18b0c                phy_config
 .text.get_current
                0x1ff18b1c       0x40 drivers/serial/built-in.o
 .text.serial_null
                0x1ff18b5c        0x4 drivers/serial/built-in.o
                0x1ff18b5c                jz_serial_initialize
                0x1ff18b5c                bfin_serial_initialize
                0x1ff18b5c                p3mx_serial_initialize
                0x1ff18b5c                leon2_serial_initialize
                0x1ff18b5c                leon3_serial_initialize
                0x1ff18b5c                amirix_serial_initialize
                0x1ff18b5c                marvell_serial_initialize
                0x1ff18b5c                cpci750_serial_initialize
                0x1ff18b5c                ns16550_serial_initialize
                0x1ff18b5c                asc_serial_initialize
                0x1ff18b5c                altera_serial_initialize
                0x1ff18b5c                oc_serial_initialize
                0x1ff18b5c                sh_serial_initialize
                0x1ff18b5c                mxs_auart_initialize
                0x1ff18b5c                arm_dcc_initialize
                0x1ff18b5c                bmw_serial_initialize
                0x1ff18b5c                mcf_serial_initialize
                0x1ff18b5c                lh7a40x_serial_initialize
                0x1ff18b5c                evb64260_serial_initialize
                0x1ff18b5c                lpc32xx_serial_initialize
                0x1ff18b5c                max3100_serial_initialize
                0x1ff18b5c                mpc85xx_serial_initialize
                0x1ff18b5c                imx_serial_initialize
                0x1ff18b5c                ixp_serial_initialize
                0x1ff18b5c                bfin_jtag_initialize
                0x1ff18b5c                cogent_serial_initialize
                0x1ff18b5c                clps7111_serial_initialize
                0x1ff18b5c                ml2_serial_initialize
                0x1ff18b5c                sandbox_serial_initialize
                0x1ff18b5c                s3c24xx_serial_initialize
                0x1ff18b5c                sconsole_serial_initialize
                0x1ff18b5c                uartlite_serial_initialize
                0x1ff18b5c                au1x00_serial_initialize
                0x1ff18b5c                pxa_serial_initialize
                0x1ff18b5c                atmel_serial_initialize
                0x1ff18b5c                pl01x_serial_initialize
                0x1ff18b5c                altera_jtag_serial_initialize
                0x1ff18b5c                mpc512x_serial_initialize
                0x1ff18b5c                s5p_serial_initialize
                0x1ff18b5c                ks8695_serial_initialize
                0x1ff18b5c                sa1100_serial_initialize
                0x1ff18b5c                mpc8260_scc_serial_initialize
                0x1ff18b5c                mxc_serial_initialize
                0x1ff18b5c                iop480_serial_initialize
                0x1ff18b5c                mpc8xx_serial_initialize
                0x1ff18b5c                mpc8260_smc_serial_initialize
                0x1ff18b5c                mpc5xx_serial_initialize
 .text.serial_register
                0x1ff18b60       0x18 drivers/serial/built-in.o
                0x1ff18b60                serial_register
 .text.serial_stdio_init
                0x1ff18b78       0x8c drivers/serial/built-in.o
                0x1ff18b78                serial_stdio_init
 .text.serial_assign
                0x1ff18c04       0x4c drivers/serial/built-in.o
                0x1ff18c04                serial_assign
 .text.serial_initialize
                0x1ff18c50       0xd0 drivers/serial/built-in.o
                0x1ff18c50                serial_initialize
 .text.serial_init
                0x1ff18d20       0x14 drivers/serial/built-in.o
                0x1ff18d20                serial_init
 .text.serial_setbrg
                0x1ff18d34       0x14 drivers/serial/built-in.o
                0x1ff18d34                serial_setbrg
 .text.on_baudrate
                0x1ff18d48       0xe8 drivers/serial/built-in.o
 .text.serial_getc
                0x1ff18e30       0x14 drivers/serial/built-in.o
                0x1ff18e30                serial_getc
 .text.serial_tstc
                0x1ff18e44       0x14 drivers/serial/built-in.o
                0x1ff18e44                serial_tstc
 .text.serial_putc
                0x1ff18e58       0x1c drivers/serial/built-in.o
                0x1ff18e58                serial_putc
 .text.serial_puts
                0x1ff18e74       0x1c drivers/serial/built-in.o
                0x1ff18e74                serial_puts
 .text.uart_zynq_serial_putc
                0x1ff18e90       0x40 drivers/serial/built-in.o
 .text.uart_zynq0_putc
                0x1ff18ed0        0x8 drivers/serial/built-in.o
                0x1ff18ed0                uart_zynq0_putc
 .text.uart_zynq1_tstc
                0x1ff18ed8       0x18 drivers/serial/built-in.o
                0x1ff18ed8                uart_zynq1_tstc
 .text.uart_zynq1_putc
                0x1ff18ef0        0x8 drivers/serial/built-in.o
                0x1ff18ef0                uart_zynq1_putc
 .text.uart_zynq1_puts
                0x1ff18ef8       0x24 drivers/serial/built-in.o
                0x1ff18ef8                uart_zynq1_puts
 .text.uart_zynq_serial_setbrg
                0x1ff18f1c       0xa8 drivers/serial/built-in.o
 .text.uart_zynq1_init
                0x1ff18fc4       0x2c drivers/serial/built-in.o
                0x1ff18fc4                uart_zynq1_init
 .text.uart_zynq0_setbrg
                0x1ff18ff0        0x8 drivers/serial/built-in.o
                0x1ff18ff0                uart_zynq0_setbrg
 .text.uart_zynq1_setbrg
                0x1ff18ff8        0x8 drivers/serial/built-in.o
                0x1ff18ff8                uart_zynq1_setbrg
 .text.uart_zynq1_getc
                0x1ff19000       0x20 drivers/serial/built-in.o
                0x1ff19000                uart_zynq1_getc
 .text.uart_zynq0_tstc
                0x1ff19020       0x14 drivers/serial/built-in.o
                0x1ff19020                uart_zynq0_tstc
 .text.uart_zynq0_init
                0x1ff19034       0x28 drivers/serial/built-in.o
                0x1ff19034                uart_zynq0_init
 .text.uart_zynq0_getc
                0x1ff1905c       0x1c drivers/serial/built-in.o
                0x1ff1905c                uart_zynq0_getc
 .text.uart_zynq0_puts
                0x1ff19078       0x24 drivers/serial/built-in.o
                0x1ff19078                uart_zynq0_puts
 .text.default_serial_console
                0x1ff1909c        0xc drivers/serial/built-in.o
                0x1ff1909c                default_serial_console
 .text.zynq_serial_initalize
                0x1ff190a8       0x20 drivers/serial/built-in.o
                0x1ff190a8                zynq_serial_initalize
 .text.spi_do_alloc_slave
                0x1ff190c8       0x4c drivers/spi/built-in.o
                0x1ff190c8                spi_do_alloc_slave
 .text.zynq_qspi_setup_transfer
                0x1ff19114       0xa8 drivers/spi/built-in.o
 .text.zynq_qspi_copy_write_data
                0x1ff191bc       0xf4 drivers/spi/built-in.o
 .text.zynq_qspi_fill_tx_fifo
                0x1ff192b0       0xe4 drivers/spi/built-in.o
 .text.zynq_qspi_copy_read_data
                0x1ff19394       0xb8 drivers/spi/built-in.o
 .text.spi_init
                0x1ff1944c        0x4 drivers/spi/built-in.o
                0x1ff1944c                spi_init
 .text.spi_setup_slave
                0x1ff19450      0x1ec drivers/spi/built-in.o
                0x1ff19450                spi_setup_slave
 .text.spi_free_slave
                0x1ff1963c        0x4 drivers/spi/built-in.o
                0x1ff1963c                spi_free_slave
 .text.spi_claim_bus
                0x1ff19640        0x8 drivers/spi/built-in.o
                0x1ff19640                spi_claim_bus
 .text.spi_release_bus
                0x1ff19648        0x4 drivers/spi/built-in.o
                0x1ff19648                spi_release_bus
 .text.spi_xfer
                0x1ff1964c      0x434 drivers/spi/built-in.o
                0x1ff1964c                spi_xfer
 .text.ext4fs_set_blk_dev
                0x1ff19a80       0x6c fs/built-in.o
                0x1ff19a80                ext4fs_set_blk_dev
 .text.ext4fs_devread
                0x1ff19aec      0x250 fs/built-in.o
                0x1ff19aec                ext4fs_devread
 .text.ext4_read_superblock
                0x1ff19d3c       0x3c fs/built-in.o
                0x1ff19d3c                ext4_read_superblock
 .text.ext4fs_read_inode
                0x1ff19d78      0x134 fs/built-in.o
                0x1ff19d78                ext4fs_read_inode
 .text.read_allocated_block
                0x1ff19eac      0x95c fs/built-in.o
                0x1ff19eac                read_allocated_block
 .text.ext4fs_close
                0x1ff1a808      0x110 fs/built-in.o
                0x1ff1a808                ext4fs_close
 .text.ext4fs_iterate_dir
                0x1ff1a918      0x270 fs/built-in.o
                0x1ff1a918                ext4fs_iterate_dir
 .text.ext4fs_find_file1
                0x1ff1ab88      0x298 fs/built-in.o
 .text.ext4fs_find_file
                0x1ff1ae20       0x78 fs/built-in.o
                0x1ff1ae20                ext4fs_find_file
 .text.ext4fs_open
                0x1ff1ae98       0x9c fs/built-in.o
                0x1ff1ae98                ext4fs_open
 .text.ext4fs_mount
                0x1ff1af34       0xc4 fs/built-in.o
                0x1ff1af34                ext4fs_mount
 .text.get_fs   0x1ff1aff8        0xc fs/built-in.o
                0x1ff1aff8                get_fs
 .text.ext4fs_free_node
                0x1ff1b004       0x24 fs/built-in.o
                0x1ff1b004                ext4fs_free_node
 .text.ext4fs_read_file
                0x1ff1b028      0x27c fs/built-in.o
                0x1ff1b028                ext4fs_read_file
 .text.ext4fs_ls
                0x1ff1b2a4       0x78 fs/built-in.o
                0x1ff1b2a4                ext4fs_ls
 .text.ext4fs_read
                0x1ff1b31c       0x40 fs/built-in.o
                0x1ff1b31c                ext4fs_read
 .text.ext4fs_probe
                0x1ff1b35c       0x30 fs/built-in.o
                0x1ff1b35c                ext4fs_probe
 .text.ext4_read_file
                0x1ff1b38c       0x64 fs/built-in.o
                0x1ff1b38c                ext4_read_file
 .text.downcase
                0x1ff1b3f0       0x30 fs/built-in.o
 .text.disk_read
                0x1ff1b420       0x58 fs/built-in.o
 .text.dirdelim
                0x1ff1b478       0x30 fs/built-in.o
 .text.get_fatent
                0x1ff1b4a8      0x154 fs/built-in.o
 .text.mkcksum  0x1ff1b5fc       0x54 fs/built-in.o
 .text.check_overflow
                0x1ff1b650       0x74 fs/built-in.o
 .text.disk_write
                0x1ff1b6c4       0x80 fs/built-in.o
 .text.flush_fat_buffer
                0x1ff1b744       0x80 fs/built-in.o
 .text.get_fatent_value
                0x1ff1b7c4      0x17c fs/built-in.o
 .text.set_fatent_value
                0x1ff1b940      0x100 fs/built-in.o
 .text.get_cluster
                0x1ff1ba40      0x178 fs/built-in.o
 .text.get_name
                0x1ff1bbb8       0xac fs/built-in.o
 .text.set_cluster
                0x1ff1bc64       0xc8 fs/built-in.o
 .text.set_contents
                0x1ff1bd2c      0x1c8 fs/built-in.o
 .text.read_bootsectandvi
                0x1ff1bef4      0x124 fs/built-in.o
 .text.set_name
                0x1ff1c018      0x134 fs/built-in.o
 .text.slot2str
                0x1ff1c14c       0xc0 fs/built-in.o
 .text.get_vfatname
                0x1ff1c20c      0x1b0 fs/built-in.o
 .text.flush_dir_table.constprop.7
                0x1ff1c3bc       0xe0 fs/built-in.o
 .text.do_fat_write
                0x1ff1c49c      0x9fc fs/built-in.o
 .text.fat_set_blk_dev
                0x1ff1ce98       0xd0 fs/built-in.o
                0x1ff1ce98                fat_set_blk_dev
 .text.do_fat_read_at
                0x1ff1cf68      0xb20 fs/built-in.o
                0x1ff1cf68                do_fat_read_at
 .text.do_fat_read
                0x1ff1da88       0x28 fs/built-in.o
                0x1ff1da88                do_fat_read
 .text.file_fat_detectfs
                0x1ff1dab0      0x148 fs/built-in.o
                0x1ff1dab0                file_fat_detectfs
 .text.file_fat_ls
                0x1ff1dbf8       0x10 fs/built-in.o
                0x1ff1dbf8                file_fat_ls
 .text.file_fat_read_at
                0x1ff1dc08       0x48 fs/built-in.o
                0x1ff1dc08                file_fat_read_at
 .text.fat_read_file
                0x1ff1dc50       0x3c fs/built-in.o
                0x1ff1dc50                fat_read_file
 .text.fat_close
                0x1ff1dc8c        0x4 fs/built-in.o
                0x1ff1dc8c                fat_close
 .text.file_fat_write
                0x1ff1dc90       0x34 fs/built-in.o
                0x1ff1dc90                file_fat_write
 .text.fs_probe_unsupported
                0x1ff1dcc4       0x18 fs/built-in.o
 .text.fs_ls_unsupported
                0x1ff1dcdc        0x8 fs/built-in.o
 .text.fs_read_unsupported
                0x1ff1dce4        0x8 fs/built-in.o
 .text.fs_write_unsupported
                0x1ff1dcec        0x8 fs/built-in.o
 .text.fs_close_unsupported
                0x1ff1dcf4        0x4 fs/built-in.o
 .text.fs_get_info
                0x1ff1dcf8       0x30 fs/built-in.o
 .text.fs_close
                0x1ff1dd28       0x28 fs/built-in.o
 .text.fs_set_blk_dev
                0x1ff1dd50       0xa4 fs/built-in.o
                0x1ff1dd50                fs_set_blk_dev
 .text.fs_ls    0x1ff1ddf4       0x3c fs/built-in.o
                0x1ff1ddf4                fs_ls
 .text.fs_read  0x1ff1de30       0x78 fs/built-in.o
                0x1ff1de30                fs_read
 .text.do_load  0x1ff1dea8      0x1c8 fs/built-in.o
                0x1ff1dea8                do_load
 .text.do_ls    0x1ff1e070       0x68 fs/built-in.o
                0x1ff1e070                do_ls
 .text.cyg_crc16
                0x1ff1e0d8       0x44 lib/built-in.o
                0x1ff1e0d8                cyg_crc16
 .text.crc32_no_comp
                0x1ff1e11c       0xd8 lib/built-in.o
                0x1ff1e11c                crc32_no_comp
 .text.crc32    0x1ff1e1f4       0x14 lib/built-in.o
                0x1ff1e1f4                crc32
 .text.crc32_wd
                0x1ff1e208        0x4 lib/built-in.o
                0x1ff1e208                crc32_wd
 .text.print_size
                0x1ff1e20c      0x134 lib/built-in.o
                0x1ff1e20c                print_size
 .text.print_buffer
                0x1ff1e340      0x1c0 lib/built-in.o
                0x1ff1e340                print_buffer
 .text.__div64_32
                0x1ff1e500       0xd4 lib/built-in.o
                0x1ff1e500                __div64_32
 .text.gzalloc  0x1ff1e5d4       0x10 lib/built-in.o
                0x1ff1e5d4                gzalloc
 .text.gzfree   0x1ff1e5e4        0x8 lib/built-in.o
                0x1ff1e5e4                gzfree
 .text.zunzip   0x1ff1e5ec      0x118 lib/built-in.o
                0x1ff1e5ec                zunzip
 .text.gunzip   0x1ff1e704       0xc8 lib/built-in.o
                0x1ff1e704                gunzip
 .text.hang     0x1ff1e7cc       0x1c lib/built-in.o
                0x1ff1e7cc                hang
 .text.cmpkey   0x1ff1e7e8       0x14 lib/built-in.o
 .text._hdelete.isra.1
                0x1ff1e7fc       0x50 lib/built-in.o
 .text.drop_var_from_set.part.2
                0x1ff1e84c       0x50 lib/built-in.o
 .text.match_string.isra.3
                0x1ff1e89c       0x60 lib/built-in.o
 .text.hcreate_r
                0x1ff1e8fc       0xac lib/built-in.o
                0x1ff1e8fc                hcreate_r
 .text.hdestroy_r
                0x1ff1e9a8       0x74 lib/built-in.o
                0x1ff1e9a8                hdestroy_r
 .text.hsearch_r
                0x1ff1ea1c      0x49c lib/built-in.o
                0x1ff1ea1c                hsearch_r
 .text.hdelete_r
                0x1ff1eeb8       0xd4 lib/built-in.o
                0x1ff1eeb8                hdelete_r
 .text.hexport_r
                0x1ff1ef8c      0x328 lib/built-in.o
                0x1ff1ef8c                hexport_r
 .text.himport_r
                0x1ff1f2b4      0x358 lib/built-in.o
                0x1ff1f2b4                himport_r
 .text.hwalk_r  0x1ff1f60c       0x58 lib/built-in.o
                0x1ff1f60c                hwalk_r
 .text.skip_spaces
                0x1ff1f664       0x28 lib/built-in.o
                0x1ff1f664                skip_spaces
 .text.strim    0x1ff1f68c       0x60 lib/built-in.o
                0x1ff1f68c                strim
 .text.lmb_add_region
                0x1ff1f6ec      0x1c0 lib/built-in.o
 .text.lmb_init
                0x1ff1f8ac       0x28 lib/built-in.o
                0x1ff1f8ac                lmb_init
 .text.lmb_add  0x1ff1f8d4        0x4 lib/built-in.o
                0x1ff1f8d4                lmb_add
 .text.lmb_free
                0x1ff1f8d8      0x10c lib/built-in.o
                0x1ff1f8d8                lmb_free
 .text.lmb_reserve
                0x1ff1f9e4        0x8 lib/built-in.o
                0x1ff1f9e4                lmb_reserve
 .text.lmb_overlaps_region
                0x1ff1f9ec       0x58 lib/built-in.o
                0x1ff1f9ec                lmb_overlaps_region
 .text.__lmb_alloc_base
                0x1ff1fa44      0x10c lib/built-in.o
                0x1ff1fa44                __lmb_alloc_base
 .text.lmb_alloc_base
                0x1ff1fb50       0x34 lib/built-in.o
                0x1ff1fb50                lmb_alloc_base
 .text.lmb_alloc
                0x1ff1fb84        0x8 lib/built-in.o
                0x1ff1fb84                lmb_alloc
 .text.__board_lmb_reserve
                0x1ff1fb8c        0x4 lib/built-in.o
                0x1ff1fb8c                board_lmb_reserve
                0x1ff1fb8c                __board_lmb_reserve
 .text.byteReverse
                0x1ff1fb90       0x2c lib/built-in.o
 .text.MD5Transform
                0x1ff1fbbc      0xa08 lib/built-in.o
 .text.MD5Update
                0x1ff205c4       0xe4 lib/built-in.o
 .text.MD5Final
                0x1ff206a8       0xc4 lib/built-in.o
 .text.md5_wd   0x1ff2076c       0x68 lib/built-in.o
                0x1ff2076c                md5_wd
 .text.string_to_ip
                0x1ff207d4       0x64 lib/built-in.o
                0x1ff207d4                string_to_ip
 .text.qsort    0x1ff20838       0xe4 lib/built-in.o
                0x1ff20838                qsort
 .text.sha1_process
                0x1ff2091c     0x1530 lib/built-in.o
 .text.sha1_update.part.0
                0x1ff21e4c       0xbc lib/built-in.o
 .text.sha1_starts
                0x1ff21f08       0x4c lib/built-in.o
                0x1ff21f08                sha1_starts
 .text.sha1_update
                0x1ff21f54        0xc lib/built-in.o
                0x1ff21f54                sha1_update
 .text.sha1_finish
                0x1ff21f60      0x144 lib/built-in.o
                0x1ff21f60                sha1_finish
 .text.sha1_csum_wd
                0x1ff220a4       0x40 lib/built-in.o
                0x1ff220a4                sha1_csum_wd
 .text.strcpy   0x1ff220e4       0x1c lib/built-in.o
                0x1ff220e4                strcpy
 .text.strncpy  0x1ff22100       0x24 lib/built-in.o
                0x1ff22100                strncpy
 .text.strcat   0x1ff22124       0x30 lib/built-in.o
                0x1ff22124                strcat
 .text.strncat  0x1ff22154       0x54 lib/built-in.o
                0x1ff22154                strncat
 .text.strcmp   0x1ff221a8       0x2c lib/built-in.o
                0x1ff221a8                strcmp
 .text.strncmp  0x1ff221d4       0x40 lib/built-in.o
                0x1ff221d4                strncmp
 .text.strchr   0x1ff22214       0x2c lib/built-in.o
                0x1ff22214                strchr
 .text.strlen   0x1ff22240       0x20 lib/built-in.o
                0x1ff22240                strlen
 .text.strnlen  0x1ff22260       0x30 lib/built-in.o
                0x1ff22260                strnlen
 .text.strdup   0x1ff22290       0x3c lib/built-in.o
                0x1ff22290                strdup
 .text.strpbrk  0x1ff222cc       0x3c lib/built-in.o
                0x1ff222cc                strpbrk
 .text.memset   0x1ff22308       0x60 lib/built-in.o
                0x1ff22308                memset
 .text.memcpy   0x1ff22368       0x60 lib/built-in.o
                0x1ff22368                memcpy
 .text.memmove  0x1ff223c8       0x54 lib/built-in.o
                0x1ff223c8                memmove
 .text.memcmp   0x1ff2241c       0x34 lib/built-in.o
                0x1ff2241c                memcmp
 .text.strstr   0x1ff22450       0x68 lib/built-in.o
                0x1ff22450                strstr
 .text.memchr   0x1ff224b8       0x30 lib/built-in.o
                0x1ff224b8                memchr
 .text.udelay   0x1ff224e8       0x30 lib/built-in.o
                0x1ff224e8                udelay
 .text.put_dec_trunc
                0x1ff22518       0xe0 lib/built-in.o
 .text.put_dec  0x1ff225f8      0x134 lib/built-in.o
 .text.string.isra.0
                0x1ff2272c       0x90 lib/built-in.o
 .text.number.isra.4
                0x1ff227bc      0x25c lib/built-in.o
 .text.vsnprintf_internal.isra.6
                0x1ff22a18      0x5fc lib/built-in.o
 .text.simple_strtoul
                0x1ff23014       0xb8 lib/built-in.o
                0x1ff23014                simple_strtoul
 .text.strict_strtoul
                0x1ff230cc       0x7c lib/built-in.o
                0x1ff230cc                strict_strtoul
 .text.simple_strtol
                0x1ff23148       0x28 lib/built-in.o
                0x1ff23148                simple_strtol
 .text.simple_strtoull
                0x1ff23170       0xdc lib/built-in.o
                0x1ff23170                simple_strtoull
 .text.vsprintf
                0x1ff2324c        0x4 lib/built-in.o
                0x1ff2324c                vsprintf
 .text.sprintf  0x1ff23250       0x28 lib/built-in.o
                0x1ff23250                sprintf
 .text.panic    0x1ff23278       0x44 lib/built-in.o
                0x1ff23278                panic
 .text.simple_itoa
                0x1ff232bc       0x54 lib/built-in.o
                0x1ff232bc                simple_itoa
 .text.zcalloc  0x1ff23310        0x8 lib/built-in.o
                0x1ff23310                zcalloc
 .text.zcfree   0x1ff23318        0x8 lib/built-in.o
                0x1ff23318                zcfree
 .text.inflate_fast
                0x1ff23320      0x5a8 lib/built-in.o
                0x1ff23320                inflate_fast
 .text.inflate_table
                0x1ff238c8      0x564 lib/built-in.o
                0x1ff238c8                inflate_table
 .text.inflateReset
                0x1ff23e2c       0x7c lib/built-in.o
                0x1ff23e2c                inflateReset
 .text.inflateInit2_
                0x1ff23ea8      0x104 lib/built-in.o
                0x1ff23ea8                inflateInit2_
 .text.inflateEnd
                0x1ff23fac       0x64 lib/built-in.o
                0x1ff23fac                inflateEnd
 .text.adler32  0x1ff24010      0x344 lib/built-in.o
                0x1ff24010                adler32
 .text.inflate  0x1ff24354     0x14f8 lib/built-in.o
                0x1ff24354                inflate
 .text.fdt_check_header
                0x1ff2584c       0x78 lib/libfdt/built-in.o
                0x1ff2584c                fdt_check_header
 .text.fdt_offset_ptr
                0x1ff258c4       0x4c lib/libfdt/built-in.o
                0x1ff258c4                fdt_offset_ptr
 .text.fdt_next_tag
                0x1ff25910       0xf8 lib/libfdt/built-in.o
                0x1ff25910                fdt_next_tag
 .text._fdt_check_node_offset
                0x1ff25a08       0x3c lib/libfdt/built-in.o
                0x1ff25a08                _fdt_check_node_offset
 .text._fdt_check_prop_offset
                0x1ff25a44       0x3c lib/libfdt/built-in.o
                0x1ff25a44                _fdt_check_prop_offset
 .text.fdt_next_node
                0x1ff25a80       0xc0 lib/libfdt/built-in.o
                0x1ff25a80                fdt_next_node
 .text.fdt_first_subnode
                0x1ff25b40       0x38 lib/libfdt/built-in.o
                0x1ff25b40                fdt_first_subnode
 .text.fdt_next_subnode
                0x1ff25b78       0x50 lib/libfdt/built-in.o
                0x1ff25b78                fdt_next_subnode
 .text._fdt_find_string
                0x1ff25bc8       0x5c lib/libfdt/built-in.o
                0x1ff25bc8                _fdt_find_string
 .text.fdt_move
                0x1ff25c24       0x44 lib/libfdt/built-in.o
                0x1ff25c24                fdt_move
 .text._nextprop
                0x1ff25c68       0x5c lib/libfdt/built-in.o
 .text.fdt_string
                0x1ff25cc4       0x14 lib/libfdt/built-in.o
                0x1ff25cc4                fdt_string
 .text.fdt_get_mem_rsv
                0x1ff25cd8       0x70 lib/libfdt/built-in.o
                0x1ff25cd8                fdt_get_mem_rsv
 .text.fdt_num_mem_rsv
                0x1ff25d48       0x38 lib/libfdt/built-in.o
                0x1ff25d48                fdt_num_mem_rsv
 .text.fdt_subnode_offset_namelen
                0x1ff25d80       0xd4 lib/libfdt/built-in.o
                0x1ff25d80                fdt_subnode_offset_namelen
 .text.fdt_subnode_offset
                0x1ff25e54       0x30 lib/libfdt/built-in.o
                0x1ff25e54                fdt_subnode_offset
 .text.fdt_get_name
                0x1ff25e84       0x74 lib/libfdt/built-in.o
                0x1ff25e84                fdt_get_name
 .text.fdt_first_property_offset
                0x1ff25ef8       0x20 lib/libfdt/built-in.o
                0x1ff25ef8                fdt_first_property_offset
 .text.fdt_next_property_offset
                0x1ff25f18       0x20 lib/libfdt/built-in.o
                0x1ff25f18                fdt_next_property_offset
 .text.fdt_get_property_by_offset
                0x1ff25f38       0x54 lib/libfdt/built-in.o
                0x1ff25f38                fdt_get_property_by_offset
 .text.fdt_get_property_namelen
                0x1ff25f8c       0xa0 lib/libfdt/built-in.o
                0x1ff25f8c                fdt_get_property_namelen
 .text.fdt_get_property
                0x1ff2602c       0x3c lib/libfdt/built-in.o
                0x1ff2602c                fdt_get_property
 .text.fdt_getprop_namelen
                0x1ff26068       0x20 lib/libfdt/built-in.o
                0x1ff26068                fdt_getprop_namelen
 .text.fdt_getprop
                0x1ff26088       0x3c lib/libfdt/built-in.o
                0x1ff26088                fdt_getprop
 .text.fdt_get_alias_namelen
                0x1ff260c4       0x4c lib/libfdt/built-in.o
                0x1ff260c4                fdt_get_alias_namelen
 .text.fdt_path_offset
                0x1ff26110       0xec lib/libfdt/built-in.o
                0x1ff26110                fdt_path_offset
 .text.fdt_supernode_atdepth_offset
                0x1ff261fc       0xb8 lib/libfdt/built-in.o
                0x1ff261fc                fdt_supernode_atdepth_offset
 .text.fdt_node_depth
                0x1ff262b4       0x28 lib/libfdt/built-in.o
                0x1ff262b4                fdt_node_depth
 .text._fdt_blocks_misordered
                0x1ff262dc       0x64 lib/libfdt/built-in.o
 .text._fdt_splice
                0x1ff26340       0x78 lib/libfdt/built-in.o
 .text._fdt_splice_mem_rsv
                0x1ff263b8       0x58 lib/libfdt/built-in.o
 .text._fdt_splice_struct
                0x1ff26410       0x4c lib/libfdt/built-in.o
 .text._fdt_packblocks
                0x1ff2645c       0xa8 lib/libfdt/built-in.o
 .text._fdt_add_property
                0x1ff26504      0x13c lib/libfdt/built-in.o
 .text._fdt_rw_check_header
                0x1ff26640       0x60 lib/libfdt/built-in.o
 .text.fdt_add_mem_rsv
                0x1ff266a0       0x94 lib/libfdt/built-in.o
                0x1ff266a0                fdt_add_mem_rsv
 .text.fdt_del_mem_rsv
                0x1ff26734       0x5c lib/libfdt/built-in.o
                0x1ff26734                fdt_del_mem_rsv
 .text.fdt_setprop
                0x1ff26790       0xcc lib/libfdt/built-in.o
                0x1ff26790                fdt_setprop
 .text.fdt_delprop
                0x1ff2685c       0x60 lib/libfdt/built-in.o
                0x1ff2685c                fdt_delprop
 .text.fdt_add_subnode_namelen
                0x1ff268bc       0xf4 lib/libfdt/built-in.o
                0x1ff268bc                fdt_add_subnode_namelen
 .text.fdt_add_subnode
                0x1ff269b0       0x30 lib/libfdt/built-in.o
                0x1ff269b0                fdt_add_subnode
 .text.fdt_del_node
                0x1ff269e0       0x60 lib/libfdt/built-in.o
                0x1ff269e0                fdt_del_node
 .text.fdt_open_into
                0x1ff26a40      0x1a0 lib/libfdt/built-in.o
                0x1ff26a40                fdt_open_into
 .text.fdt_strerror
                0x1ff26be0       0x58 lib/libfdt/built-in.o
                0x1ff26be0                fdt_strerror
 .text._fdt_node_end_offset
                0x1ff26c38       0x44 lib/libfdt/built-in.o
                0x1ff26c38                _fdt_node_end_offset
 .text.ArpInit  0x1ff26c7c       0x50 net/built-in.o
                0x1ff26c7c                ArpInit
 .text.arp_raw_request
                0x1ff26ccc       0xc4 net/built-in.o
                0x1ff26ccc                arp_raw_request
 .text.ArpRequest
                0x1ff26d90       0x80 net/built-in.o
                0x1ff26d90                ArpRequest
 .text.ArpTimeoutCheck
                0x1ff26e10       0x80 net/built-in.o
                0x1ff26e10                ArpTimeoutCheck
 .text.ArpReceive
                0x1ff26e90      0x210 net/built-in.o
                0x1ff26e90                ArpReceive
 .text.DhcpOptionsProcess
                0x1ff270a0      0x210 net/built-in.o
 .text.DhcpHandler
                0x1ff272b0      0x430 net/built-in.o
 .text.BootpRequest
                0x1ff276e0      0x270 net/built-in.o
                0x1ff276e0                BootpRequest
 .text.BootpTimeout
                0x1ff27950       0x50 net/built-in.o
 .text.DhcpRequest
                0x1ff279a0        0x4 net/built-in.o
                0x1ff279a0                DhcpRequest
 .text.__def_eth_init
                0x1ff279a4        0x8 net/built-in.o
                0x1ff279a4                cpu_eth_init
 .text.eth_current_changed
                0x1ff279ac       0x60 net/built-in.o
 .text.eth_parse_enetaddr
                0x1ff27a0c       0x58 net/built-in.o