phy.c:425:5:genphy_shutdown	0	static
bitops.h:12:19:generic_ffs	0	static
phy.c:535:27:phy_device_create	24	static
phy.c:636:27:get_phy_device_by_mask	40	static
phy.c:137:5:genphy_restart_aneg	16	static
phy.c:165:5:genphy_config_aneg	24	static
phy.c:364:5:genphy_config	16	static
phy.c:205:5:genphy_update_link	24	static
phy.c:273:5:genphy_parse_link	16	static
phy.c:417:5:genphy_startup	8	static
phy.c:442:5:phy_init	8	static
phy.c:487:5:phy_register	0	static
phy.c:673:5:phy_reset	24	static
phy.c:728:5:miiphy_reset	8	static
phy.c:743:20:phy_find_by_mask	16	static
phy.c:755:6:phy_connect_dev	24	static
phy.c:768:20:phy_connect	24	static
phy.c:784:5:phy_startup	8	static
phy.c:792:12:__board_phy_config	8	static
phy.c:802:5:phy_config	8	static
phy.c:810:5:phy_shutdown	8	static
