cmd_nvedit.c:764:12:do_env_delete	24	static
cmd_nvedit.c:687:12:do_env_save	8	static
cmd_nvedit.c:1124:12:do_env	24	static
cmd_nvedit.c:80:12:env_print	56	static
cmd_nvedit.c:111:12:do_env_print	24	static
cmd_nvedit.c:960:12:do_env_import	56	static
cmd_nvedit.c:727:12:do_env_default	8	static
cmd_nvedit.c:208:12:0	72	static
cmd_nvedit.c:342:12:do_env_set	0	static
cmd_nvedit.c:354:5:do_env_ask	2104	static
cmd_nvedit.c:69:5:get_env_id	0	static
cmd_nvedit.c:282:5:setenv	24	static
cmd_nvedit.c:303:5:setenv_ulong	8	static
cmd_nvedit.c:318:5:setenv_hex	32	static
cmd_nvedit.c:845:12:do_env_export	96	static
cmd_nvedit.c:711:5:envmatch	24	static
cmd_nvedit.c:630:5:getenv_f	32	static
cmd_nvedit.c:606:7:getenv	48	static
cmd_nvedit.c:326:7:getenv_hex	24	static
cmd_nvedit.c:674:7:getenv_ulong	16	static
cmd_nvedit.c:577:12:do_env_edit	2056	static
